Archive member included to satisfy reference by file (symbol)

c:/program files (x86)/atmel/studio/7.0/toolchain/arm/arm-gnu-toolchain/bin/../lib/gcc/arm-none-eabi/5.3.1/armv6-m\libgcc.a(_udivsi3.o)
                              timing.o (__aeabi_uidiv)
c:/program files (x86)/atmel/studio/7.0/toolchain/arm/arm-gnu-toolchain/bin/../lib/gcc/arm-none-eabi/5.3.1/armv6-m\libgcc.a(_dvmd_tls.o)
                              c:/program files (x86)/atmel/studio/7.0/toolchain/arm/arm-gnu-toolchain/bin/../lib/gcc/arm-none-eabi/5.3.1/armv6-m\libgcc.a(_udivsi3.o) (__aeabi_idiv0)
c:/program files (x86)/atmel/studio/7.0/toolchain/arm/arm-gnu-toolchain/bin/../lib/gcc/arm-none-eabi/5.3.1/../../../../arm-none-eabi/lib/armv6-m\libc.a(lib_a-exit.o)
                              c:/program files (x86)/atmel/studio/7.0/toolchain/arm/arm-gnu-toolchain/bin/../lib/gcc/arm-none-eabi/5.3.1/../../../../arm-none-eabi/lib/armv6-m/crt0.o (exit)
c:/program files (x86)/atmel/studio/7.0/toolchain/arm/arm-gnu-toolchain/bin/../lib/gcc/arm-none-eabi/5.3.1/../../../../arm-none-eabi/lib/armv6-m\libc.a(lib_a-impure.o)
                              c:/program files (x86)/atmel/studio/7.0/toolchain/arm/arm-gnu-toolchain/bin/../lib/gcc/arm-none-eabi/5.3.1/../../../../arm-none-eabi/lib/armv6-m\libc.a(lib_a-exit.o) (_global_impure_ptr)
c:/program files (x86)/atmel/studio/7.0/toolchain/arm/arm-gnu-toolchain/bin/../lib/gcc/arm-none-eabi/5.3.1/../../../../arm-none-eabi/lib/armv6-m\libc.a(lib_a-init.o)
                              c:/program files (x86)/atmel/studio/7.0/toolchain/arm/arm-gnu-toolchain/bin/../lib/gcc/arm-none-eabi/5.3.1/../../../../arm-none-eabi/lib/armv6-m/crt0.o (__libc_init_array)
c:/program files (x86)/atmel/studio/7.0/toolchain/arm/arm-gnu-toolchain/bin/../lib/gcc/arm-none-eabi/5.3.1/../../../../arm-none-eabi/lib/armv6-m\libc.a(lib_a-memcpy-stub.o)
                              main.o (memcpy)
c:/program files (x86)/atmel/studio/7.0/toolchain/arm/arm-gnu-toolchain/bin/../lib/gcc/arm-none-eabi/5.3.1/../../../../arm-none-eabi/lib/armv6-m\libc.a(lib_a-memset.o)
                              c:/program files (x86)/atmel/studio/7.0/toolchain/arm/arm-gnu-toolchain/bin/../lib/gcc/arm-none-eabi/5.3.1/../../../../arm-none-eabi/lib/armv6-m/crt0.o (memset)
c:/program files (x86)/atmel/studio/7.0/toolchain/arm/arm-gnu-toolchain/bin/../lib/gcc/arm-none-eabi/5.3.1/../../../../arm-none-eabi/lib/armv6-m\libc.a(lib_a-__call_atexit.o)
                              c:/program files (x86)/atmel/studio/7.0/toolchain/arm/arm-gnu-toolchain/bin/../lib/gcc/arm-none-eabi/5.3.1/../../../../arm-none-eabi/lib/armv6-m\libc.a(lib_a-exit.o) (__call_exitprocs)
c:/program files (x86)/atmel/studio/7.0/toolchain/arm/arm-gnu-toolchain/bin/../lib/gcc/arm-none-eabi/5.3.1/../../../../arm-none-eabi/lib/armv6-m\libc.a(lib_a-atexit.o)
                              c:/program files (x86)/atmel/studio/7.0/toolchain/arm/arm-gnu-toolchain/bin/../lib/gcc/arm-none-eabi/5.3.1/../../../../arm-none-eabi/lib/armv6-m\libc.a(lib_a-__call_atexit.o) (atexit)
c:/program files (x86)/atmel/studio/7.0/toolchain/arm/arm-gnu-toolchain/bin/../lib/gcc/arm-none-eabi/5.3.1/../../../../arm-none-eabi/lib/armv6-m\libc.a(lib_a-fini.o)
                              c:/program files (x86)/atmel/studio/7.0/toolchain/arm/arm-gnu-toolchain/bin/../lib/gcc/arm-none-eabi/5.3.1/../../../../arm-none-eabi/lib/armv6-m\libc.a(lib_a-__call_atexit.o) (__libc_fini_array)
c:/program files (x86)/atmel/studio/7.0/toolchain/arm/arm-gnu-toolchain/bin/../lib/gcc/arm-none-eabi/5.3.1/../../../../arm-none-eabi/lib/armv6-m\libc.a(lib_a-__atexit.o)
                              c:/program files (x86)/atmel/studio/7.0/toolchain/arm/arm-gnu-toolchain/bin/../lib/gcc/arm-none-eabi/5.3.1/../../../../arm-none-eabi/lib/armv6-m\libc.a(lib_a-atexit.o) (__register_exitproc)

Allocating common symbols
Common symbol       size              file

current             0x4               main.o
previous            0x4               main.o
elapsed             0x4               main.o

Discarded input sections

 .text          0x00000000        0x0 c:/program files (x86)/atmel/studio/7.0/toolchain/arm/arm-gnu-toolchain/bin/../lib/gcc/arm-none-eabi/5.3.1/armv6-m/crti.o
 .data          0x00000000        0x0 c:/program files (x86)/atmel/studio/7.0/toolchain/arm/arm-gnu-toolchain/bin/../lib/gcc/arm-none-eabi/5.3.1/armv6-m/crti.o
 .bss           0x00000000        0x0 c:/program files (x86)/atmel/studio/7.0/toolchain/arm/arm-gnu-toolchain/bin/../lib/gcc/arm-none-eabi/5.3.1/armv6-m/crti.o
 .data          0x00000000        0x4 c:/program files (x86)/atmel/studio/7.0/toolchain/arm/arm-gnu-toolchain/bin/../lib/gcc/arm-none-eabi/5.3.1/armv6-m/crtbegin.o
 .text          0x00000000       0x78 c:/program files (x86)/atmel/studio/7.0/toolchain/arm/arm-gnu-toolchain/bin/../lib/gcc/arm-none-eabi/5.3.1/../../../../arm-none-eabi/lib/armv6-m/crt0.o
 .data          0x00000000        0x0 c:/program files (x86)/atmel/studio/7.0/toolchain/arm/arm-gnu-toolchain/bin/../lib/gcc/arm-none-eabi/5.3.1/../../../../arm-none-eabi/lib/armv6-m/crt0.o
 .bss           0x00000000        0x0 c:/program files (x86)/atmel/studio/7.0/toolchain/arm/arm-gnu-toolchain/bin/../lib/gcc/arm-none-eabi/5.3.1/../../../../arm-none-eabi/lib/armv6-m/crt0.o
 .ARM.extab     0x00000000        0x0 c:/program files (x86)/atmel/studio/7.0/toolchain/arm/arm-gnu-toolchain/bin/../lib/gcc/arm-none-eabi/5.3.1/../../../../arm-none-eabi/lib/armv6-m/crt0.o
 .ARM.exidx     0x00000000        0x8 c:/program files (x86)/atmel/studio/7.0/toolchain/arm/arm-gnu-toolchain/bin/../lib/gcc/arm-none-eabi/5.3.1/../../../../arm-none-eabi/lib/armv6-m/crt0.o
 .ARM.attributes
                0x00000000       0x1b c:/program files (x86)/atmel/studio/7.0/toolchain/arm/arm-gnu-toolchain/bin/../lib/gcc/arm-none-eabi/5.3.1/../../../../arm-none-eabi/lib/armv6-m/crt0.o
 .group         0x00000000        0x8 Device_Startup/startup_samc21.o
 .group         0x00000000        0x8 Device_Startup/startup_samc21.o
 .group         0x00000000        0x8 Device_Startup/startup_samc21.o
 .group         0x00000000        0x8 Device_Startup/startup_samc21.o
 .group         0x00000000        0x8 Device_Startup/startup_samc21.o
 .group         0x00000000        0x8 Device_Startup/startup_samc21.o
 .group         0x00000000        0x8 Device_Startup/startup_samc21.o
 .group         0x00000000        0x8 Device_Startup/startup_samc21.o
 .group         0x00000000        0x8 Device_Startup/startup_samc21.o
 .group         0x00000000        0x8 Device_Startup/startup_samc21.o
 .group         0x00000000        0x8 Device_Startup/startup_samc21.o
 .group         0x00000000        0x8 Device_Startup/startup_samc21.o
 .group         0x00000000        0x8 Device_Startup/startup_samc21.o
 .group         0x00000000        0x8 Device_Startup/startup_samc21.o
 .group         0x00000000        0x8 Device_Startup/startup_samc21.o
 .group         0x00000000        0x8 Device_Startup/startup_samc21.o
 .group         0x00000000        0x8 Device_Startup/startup_samc21.o
 .group         0x00000000        0x8 Device_Startup/startup_samc21.o
 .group         0x00000000        0x8 Device_Startup/startup_samc21.o
 .group         0x00000000        0x8 Device_Startup/startup_samc21.o
 .group         0x00000000        0x8 Device_Startup/startup_samc21.o
 .group         0x00000000        0x8 Device_Startup/startup_samc21.o
 .group         0x00000000        0x8 Device_Startup/startup_samc21.o
 .group         0x00000000        0x8 Device_Startup/startup_samc21.o
 .group         0x00000000        0x8 Device_Startup/startup_samc21.o
 .group         0x00000000        0x8 Device_Startup/startup_samc21.o
 .group         0x00000000        0x8 Device_Startup/startup_samc21.o
 .group         0x00000000        0x8 Device_Startup/startup_samc21.o
 .group         0x00000000        0x8 Device_Startup/startup_samc21.o
 .group         0x00000000        0x8 Device_Startup/startup_samc21.o
 .group         0x00000000        0x8 Device_Startup/startup_samc21.o
 .group         0x00000000        0x8 Device_Startup/startup_samc21.o
 .group         0x00000000        0x8 Device_Startup/startup_samc21.o
 .group         0x00000000        0x8 Device_Startup/startup_samc21.o
 .group         0x00000000        0x8 Device_Startup/startup_samc21.o
 .group         0x00000000        0x8 Device_Startup/startup_samc21.o
 .group         0x00000000        0x8 Device_Startup/startup_samc21.o
 .group         0x00000000        0x8 Device_Startup/startup_samc21.o
 .group         0x00000000        0x8 Device_Startup/startup_samc21.o
 .group         0x00000000        0x8 Device_Startup/startup_samc21.o
 .group         0x00000000        0x8 Device_Startup/startup_samc21.o
 .group         0x00000000        0x8 Device_Startup/startup_samc21.o
 .group         0x00000000        0x8 Device_Startup/startup_samc21.o
 .group         0x00000000        0x8 Device_Startup/startup_samc21.o
 .group         0x00000000        0x8 Device_Startup/startup_samc21.o
 .group         0x00000000        0x8 Device_Startup/startup_samc21.o
 .group         0x00000000        0x8 Device_Startup/startup_samc21.o
 .group         0x00000000        0x8 Device_Startup/startup_samc21.o
 .group         0x00000000        0x8 Device_Startup/startup_samc21.o
 .group         0x00000000        0x8 Device_Startup/startup_samc21.o
 .group         0x00000000        0x8 Device_Startup/startup_samc21.o
 .group         0x00000000        0x8 Device_Startup/startup_samc21.o
 .group         0x00000000        0x8 Device_Startup/startup_samc21.o
 .group         0x00000000        0x8 Device_Startup/startup_samc21.o
 .group         0x00000000        0x8 Device_Startup/startup_samc21.o
 .group         0x00000000        0x8 Device_Startup/startup_samc21.o
 .group         0x00000000        0x8 Device_Startup/startup_samc21.o
 .group         0x00000000        0x8 Device_Startup/startup_samc21.o
 .group         0x00000000        0x8 Device_Startup/startup_samc21.o
 .group         0x00000000        0x8 Device_Startup/startup_samc21.o
 .group         0x00000000        0x8 Device_Startup/startup_samc21.o
 .group         0x00000000        0x8 Device_Startup/startup_samc21.o
 .group         0x00000000        0x8 Device_Startup/startup_samc21.o
 .group         0x00000000        0x8 Device_Startup/startup_samc21.o
 .group         0x00000000        0x8 Device_Startup/startup_samc21.o
 .group         0x00000000        0x8 Device_Startup/startup_samc21.o
 .group         0x00000000        0x8 Device_Startup/startup_samc21.o
 .group         0x00000000        0x8 Device_Startup/startup_samc21.o
 .group         0x00000000        0x8 Device_Startup/startup_samc21.o
 .group         0x00000000        0x8 Device_Startup/startup_samc21.o
 .group         0x00000000        0x8 Device_Startup/startup_samc21.o
 .group         0x00000000        0x8 Device_Startup/startup_samc21.o
 .group         0x00000000        0x8 Device_Startup/startup_samc21.o
 .group         0x00000000        0x8 Device_Startup/startup_samc21.o
 .group         0x00000000        0x8 Device_Startup/startup_samc21.o
 .group         0x00000000        0x8 Device_Startup/startup_samc21.o
 .group         0x00000000        0x8 Device_Startup/startup_samc21.o
 .group         0x00000000        0x8 Device_Startup/startup_samc21.o
 .group         0x00000000        0x8 Device_Startup/startup_samc21.o
 .group         0x00000000        0x8 Device_Startup/startup_samc21.o
 .group         0x00000000        0x8 Device_Startup/startup_samc21.o
 .group         0x00000000        0x8 Device_Startup/startup_samc21.o
 .group         0x00000000        0x8 Device_Startup/startup_samc21.o
 .group         0x00000000        0x8 Device_Startup/startup_samc21.o
 .group         0x00000000        0x8 Device_Startup/startup_samc21.o
 .group         0x00000000        0x8 Device_Startup/startup_samc21.o
 .group         0x00000000        0x8 Device_Startup/startup_samc21.o
 .group         0x00000000        0x8 Device_Startup/startup_samc21.o
 .group         0x00000000        0x8 Device_Startup/startup_samc21.o
 .text          0x00000000        0x0 Device_Startup/startup_samc21.o
 .data          0x00000000        0x0 Device_Startup/startup_samc21.o
 .bss           0x00000000        0x0 Device_Startup/startup_samc21.o
 .group         0x00000000        0x8 Device_Startup/system_samc21.o
 .group         0x00000000        0x8 Device_Startup/system_samc21.o
 .group         0x00000000        0x8 Device_Startup/system_samc21.o
 .group         0x00000000        0x8 Device_Startup/system_samc21.o
 .group         0x00000000        0x8 Device_Startup/system_samc21.o
 .group         0x00000000        0x8 Device_Startup/system_samc21.o
 .group         0x00000000        0x8 Device_Startup/system_samc21.o
 .group         0x00000000        0x8 Device_Startup/system_samc21.o
 .group         0x00000000        0x8 Device_Startup/system_samc21.o
 .group         0x00000000        0x8 Device_Startup/system_samc21.o
 .group         0x00000000        0x8 Device_Startup/system_samc21.o
 .group         0x00000000        0x8 Device_Startup/system_samc21.o
 .group         0x00000000        0x8 Device_Startup/system_samc21.o
 .group         0x00000000        0x8 Device_Startup/system_samc21.o
 .group         0x00000000        0x8 Device_Startup/system_samc21.o
 .group         0x00000000        0x8 Device_Startup/system_samc21.o
 .group         0x00000000        0x8 Device_Startup/system_samc21.o
 .group         0x00000000        0x8 Device_Startup/system_samc21.o
 .group         0x00000000        0x8 Device_Startup/system_samc21.o
 .group         0x00000000        0x8 Device_Startup/system_samc21.o
 .group         0x00000000        0x8 Device_Startup/system_samc21.o
 .group         0x00000000        0x8 Device_Startup/system_samc21.o
 .group         0x00000000        0x8 Device_Startup/system_samc21.o
 .group         0x00000000        0x8 Device_Startup/system_samc21.o
 .group         0x00000000        0x8 Device_Startup/system_samc21.o
 .group         0x00000000        0x8 Device_Startup/system_samc21.o
 .group         0x00000000        0x8 Device_Startup/system_samc21.o
 .group         0x00000000        0x8 Device_Startup/system_samc21.o
 .group         0x00000000        0x8 Device_Startup/system_samc21.o
 .group         0x00000000        0x8 Device_Startup/system_samc21.o
 .group         0x00000000        0x8 Device_Startup/system_samc21.o
 .group         0x00000000        0x8 Device_Startup/system_samc21.o
 .group         0x00000000        0x8 Device_Startup/system_samc21.o
 .group         0x00000000        0x8 Device_Startup/system_samc21.o
 .group         0x00000000        0x8 Device_Startup/system_samc21.o
 .group         0x00000000        0x8 Device_Startup/system_samc21.o
 .group         0x00000000        0x8 Device_Startup/system_samc21.o
 .group         0x00000000        0x8 Device_Startup/system_samc21.o
 .group         0x00000000        0x8 Device_Startup/system_samc21.o
 .group         0x00000000        0x8 Device_Startup/system_samc21.o
 .group         0x00000000        0x8 Device_Startup/system_samc21.o
 .group         0x00000000        0x8 Device_Startup/system_samc21.o
 .group         0x00000000        0x8 Device_Startup/system_samc21.o
 .group         0x00000000        0x8 Device_Startup/system_samc21.o
 .group         0x00000000        0x8 Device_Startup/system_samc21.o
 .group         0x00000000        0x8 Device_Startup/system_samc21.o
 .group         0x00000000        0x8 Device_Startup/system_samc21.o
 .group         0x00000000        0x8 Device_Startup/system_samc21.o
 .group         0x00000000        0x8 Device_Startup/system_samc21.o
 .group         0x00000000        0x8 Device_Startup/system_samc21.o
 .group         0x00000000        0x8 Device_Startup/system_samc21.o
 .group         0x00000000        0x8 Device_Startup/system_samc21.o
 .group         0x00000000        0x8 Device_Startup/system_samc21.o
 .group         0x00000000        0x8 Device_Startup/system_samc21.o
 .group         0x00000000        0x8 Device_Startup/system_samc21.o
 .group         0x00000000        0x8 Device_Startup/system_samc21.o
 .group         0x00000000        0x8 Device_Startup/system_samc21.o
 .group         0x00000000        0x8 Device_Startup/system_samc21.o
 .group         0x00000000        0x8 Device_Startup/system_samc21.o
 .group         0x00000000        0x8 Device_Startup/system_samc21.o
 .group         0x00000000        0x8 Device_Startup/system_samc21.o
 .group         0x00000000        0x8 Device_Startup/system_samc21.o
 .group         0x00000000        0x8 Device_Startup/system_samc21.o
 .group         0x00000000        0x8 Device_Startup/system_samc21.o
 .group         0x00000000        0x8 Device_Startup/system_samc21.o
 .group         0x00000000        0x8 Device_Startup/system_samc21.o
 .group         0x00000000        0x8 Device_Startup/system_samc21.o
 .group         0x00000000        0x8 Device_Startup/system_samc21.o
 .group         0x00000000        0x8 Device_Startup/system_samc21.o
 .group         0x00000000        0x8 Device_Startup/system_samc21.o
 .group         0x00000000        0x8 Device_Startup/system_samc21.o
 .group         0x00000000        0x8 Device_Startup/system_samc21.o
 .group         0x00000000        0x8 Device_Startup/system_samc21.o
 .group         0x00000000        0x8 Device_Startup/system_samc21.o
 .group         0x00000000        0x8 Device_Startup/system_samc21.o
 .group         0x00000000        0x8 Device_Startup/system_samc21.o
 .group         0x00000000        0x8 Device_Startup/system_samc21.o
 .group         0x00000000        0x8 Device_Startup/system_samc21.o
 .group         0x00000000        0x8 Device_Startup/system_samc21.o
 .group         0x00000000        0x8 Device_Startup/system_samc21.o
 .group         0x00000000        0x8 Device_Startup/system_samc21.o
 .group         0x00000000        0x8 Device_Startup/system_samc21.o
 .group         0x00000000        0x8 Device_Startup/system_samc21.o
 .group         0x00000000        0x8 Device_Startup/system_samc21.o
 .group         0x00000000        0x8 Device_Startup/system_samc21.o
 .group         0x00000000        0x8 Device_Startup/system_samc21.o
 .group         0x00000000        0x8 Device_Startup/system_samc21.o
 .group         0x00000000        0x8 Device_Startup/system_samc21.o
 .group         0x00000000        0x8 Device_Startup/system_samc21.o
 .text          0x00000000        0x0 Device_Startup/system_samc21.o
 .bss           0x00000000        0x0 Device_Startup/system_samc21.o
 .text.SystemCoreClockUpdate
                0x00000000       0x10 Device_Startup/system_samc21.o
 .debug_macro   0x00000000      0x826 Device_Startup/system_samc21.o
 .debug_macro   0x00000000       0x22 Device_Startup/system_samc21.o
 .debug_macro   0x00000000       0x87 Device_Startup/system_samc21.o
 .debug_macro   0x00000000       0x44 Device_Startup/system_samc21.o
 .debug_macro   0x00000000       0xfd Device_Startup/system_samc21.o
 .debug_macro   0x00000000       0x22 Device_Startup/system_samc21.o
 .debug_macro   0x00000000      0x1df Device_Startup/system_samc21.o
 .debug_macro   0x00000000       0x40 Device_Startup/system_samc21.o
 .debug_macro   0x00000000       0x3a Device_Startup/system_samc21.o
 .debug_macro   0x00000000       0x1f Device_Startup/system_samc21.o
 .debug_macro   0x00000000      0x376 Device_Startup/system_samc21.o
 .debug_macro   0x00000000      0x896 Device_Startup/system_samc21.o
 .debug_macro   0x00000000      0x8bf Device_Startup/system_samc21.o
 .debug_macro   0x00000000     0x2d61 Device_Startup/system_samc21.o
 .debug_macro   0x00000000      0x21d Device_Startup/system_samc21.o
 .debug_macro   0x00000000      0x281 Device_Startup/system_samc21.o
 .debug_macro   0x00000000      0x130 Device_Startup/system_samc21.o
 .debug_macro   0x00000000      0xd32 Device_Startup/system_samc21.o
 .debug_macro   0x00000000      0x5ee Device_Startup/system_samc21.o
 .debug_macro   0x00000000      0x5be Device_Startup/system_samc21.o
 .debug_macro   0x00000000      0x823 Device_Startup/system_samc21.o
 .debug_macro   0x00000000      0x172 Device_Startup/system_samc21.o
 .debug_macro   0x00000000      0x2f7 Device_Startup/system_samc21.o
 .debug_macro   0x00000000      0x55f Device_Startup/system_samc21.o
 .debug_macro   0x00000000      0x42e Device_Startup/system_samc21.o
 .debug_macro   0x00000000      0x21c Device_Startup/system_samc21.o
 .debug_macro   0x00000000      0x72d Device_Startup/system_samc21.o
 .debug_macro   0x00000000      0x557 Device_Startup/system_samc21.o
 .debug_macro   0x00000000      0x334 Device_Startup/system_samc21.o
 .debug_macro   0x00000000      0x6a9 Device_Startup/system_samc21.o
 .debug_macro   0x00000000       0xc4 Device_Startup/system_samc21.o
 .debug_macro   0x00000000      0x33f Device_Startup/system_samc21.o
 .debug_macro   0x00000000       0x6a Device_Startup/system_samc21.o
 .debug_macro   0x00000000     0x124a Device_Startup/system_samc21.o
 .debug_macro   0x00000000      0x5a4 Device_Startup/system_samc21.o
 .debug_macro   0x00000000      0xfc3 Device_Startup/system_samc21.o
 .debug_macro   0x00000000      0x59d Device_Startup/system_samc21.o
 .debug_macro   0x00000000      0x3c2 Device_Startup/system_samc21.o
 .debug_macro   0x00000000      0x8ad Device_Startup/system_samc21.o
 .debug_macro   0x00000000     0x19bd Device_Startup/system_samc21.o
 .debug_macro   0x00000000      0x39c Device_Startup/system_samc21.o
 .debug_macro   0x00000000      0x369 Device_Startup/system_samc21.o
 .debug_macro   0x00000000       0x94 Device_Startup/system_samc21.o
 .debug_macro   0x00000000       0xac Device_Startup/system_samc21.o
 .debug_macro   0x00000000       0xac Device_Startup/system_samc21.o
 .debug_macro   0x00000000      0x148 Device_Startup/system_samc21.o
 .debug_macro   0x00000000      0x148 Device_Startup/system_samc21.o
 .debug_macro   0x00000000       0x4c Device_Startup/system_samc21.o
 .debug_macro   0x00000000       0x58 Device_Startup/system_samc21.o
 .debug_macro   0x00000000       0x3a Device_Startup/system_samc21.o
 .debug_macro   0x00000000       0xd6 Device_Startup/system_samc21.o
 .debug_macro   0x00000000       0xb8 Device_Startup/system_samc21.o
 .debug_macro   0x00000000       0x64 Device_Startup/system_samc21.o
 .debug_macro   0x00000000      0x5e4 Device_Startup/system_samc21.o
 .debug_macro   0x00000000       0x4c Device_Startup/system_samc21.o
 .debug_macro   0x00000000      0x1bd Device_Startup/system_samc21.o
 .debug_macro   0x00000000      0x183 Device_Startup/system_samc21.o
 .debug_macro   0x00000000       0x52 Device_Startup/system_samc21.o
 .debug_macro   0x00000000       0xa0 Device_Startup/system_samc21.o
 .debug_macro   0x00000000       0xd6 Device_Startup/system_samc21.o
 .debug_macro   0x00000000       0x8e Device_Startup/system_samc21.o
 .debug_macro   0x00000000       0x4c Device_Startup/system_samc21.o
 .debug_macro   0x00000000       0x64 Device_Startup/system_samc21.o
 .debug_macro   0x00000000       0x22 Device_Startup/system_samc21.o
 .debug_macro   0x00000000      0x16c Device_Startup/system_samc21.o
 .debug_macro   0x00000000       0x16 Device_Startup/system_samc21.o
 .debug_macro   0x00000000       0xd6 Device_Startup/system_samc21.o
 .debug_macro   0x00000000       0xa0 Device_Startup/system_samc21.o
 .debug_macro   0x00000000      0x132 Device_Startup/system_samc21.o
 .debug_macro   0x00000000      0x132 Device_Startup/system_samc21.o
 .debug_macro   0x00000000      0x132 Device_Startup/system_samc21.o
 .debug_macro   0x00000000      0x132 Device_Startup/system_samc21.o
 .debug_macro   0x00000000      0x132 Device_Startup/system_samc21.o
 .debug_macro   0x00000000      0x132 Device_Startup/system_samc21.o
 .debug_macro   0x00000000       0x4c Device_Startup/system_samc21.o
 .debug_macro   0x00000000      0x167 Device_Startup/system_samc21.o
 .debug_macro   0x00000000       0xfa Device_Startup/system_samc21.o
 .debug_macro   0x00000000       0xfa Device_Startup/system_samc21.o
 .debug_macro   0x00000000       0xfa Device_Startup/system_samc21.o
 .debug_macro   0x00000000       0xfa Device_Startup/system_samc21.o
 .debug_macro   0x00000000       0xfa Device_Startup/system_samc21.o
 .debug_macro   0x00000000      0x124 Device_Startup/system_samc21.o
 .debug_macro   0x00000000       0xfa Device_Startup/system_samc21.o
 .debug_macro   0x00000000       0xee Device_Startup/system_samc21.o
 .debug_macro   0x00000000       0x76 Device_Startup/system_samc21.o
 .debug_macro   0x00000000       0x3a Device_Startup/system_samc21.o
 .debug_macro   0x00000000      0x4aa Device_Startup/system_samc21.o
 .debug_macro   0x00000000     0x27e3 Device_Startup/system_samc21.o
 .debug_macro   0x00000000       0x82 Device_Startup/system_samc21.o
 .group         0x00000000        0x8 main.o
 .group         0x00000000        0x8 main.o
 .group         0x00000000        0x8 main.o
 .group         0x00000000        0x8 main.o
 .group         0x00000000        0x8 main.o
 .group         0x00000000        0x8 main.o
 .group         0x00000000        0x8 main.o
 .group         0x00000000        0x8 main.o
 .group         0x00000000        0x8 main.o
 .group         0x00000000        0x8 main.o
 .group         0x00000000        0x8 main.o
 .group         0x00000000        0x8 main.o
 .group         0x00000000        0x8 main.o
 .group         0x00000000        0x8 main.o
 .group         0x00000000        0x8 main.o
 .group         0x00000000        0x8 main.o
 .group         0x00000000        0x8 main.o
 .group         0x00000000        0x8 main.o
 .group         0x00000000        0x8 main.o
 .group         0x00000000        0x8 main.o
 .group         0x00000000        0x8 main.o
 .group         0x00000000        0x8 main.o
 .group         0x00000000        0x8 main.o
 .group         0x00000000        0x8 main.o
 .group         0x00000000        0x8 main.o
 .group         0x00000000        0x8 main.o
 .group         0x00000000        0x8 main.o
 .group         0x00000000        0x8 main.o
 .group         0x00000000        0x8 main.o
 .group         0x00000000        0x8 main.o
 .group         0x00000000        0x8 main.o
 .group         0x00000000        0x8 main.o
 .group         0x00000000        0x8 main.o
 .group         0x00000000        0x8 main.o
 .group         0x00000000        0x8 main.o
 .group         0x00000000        0x8 main.o
 .group         0x00000000        0x8 main.o
 .group         0x00000000        0x8 main.o
 .group         0x00000000        0x8 main.o
 .group         0x00000000        0x8 main.o
 .group         0x00000000        0x8 main.o
 .group         0x00000000        0x8 main.o
 .group         0x00000000        0x8 main.o
 .group         0x00000000        0x8 main.o
 .group         0x00000000        0x8 main.o
 .group         0x00000000        0x8 main.o
 .group         0x00000000        0x8 main.o
 .group         0x00000000        0x8 main.o
 .group         0x00000000        0x8 main.o
 .group         0x00000000        0x8 main.o
 .group         0x00000000        0x8 main.o
 .group         0x00000000        0x8 main.o
 .group         0x00000000        0x8 main.o
 .group         0x00000000        0x8 main.o
 .group         0x00000000        0x8 main.o
 .group         0x00000000        0x8 main.o
 .group         0x00000000        0x8 main.o
 .group         0x00000000        0x8 main.o
 .group         0x00000000        0x8 main.o
 .group         0x00000000        0x8 main.o
 .group         0x00000000        0x8 main.o
 .group         0x00000000        0x8 main.o
 .group         0x00000000        0x8 main.o
 .group         0x00000000        0x8 main.o
 .group         0x00000000        0x8 main.o
 .group         0x00000000        0x8 main.o
 .group         0x00000000        0x8 main.o
 .group         0x00000000        0x8 main.o
 .group         0x00000000        0x8 main.o
 .group         0x00000000        0x8 main.o
 .group         0x00000000        0x8 main.o
 .group         0x00000000        0x8 main.o
 .group         0x00000000        0x8 main.o
 .group         0x00000000        0x8 main.o
 .group         0x00000000        0x8 main.o
 .group         0x00000000        0x8 main.o
 .group         0x00000000        0x8 main.o
 .group         0x00000000        0x8 main.o
 .group         0x00000000        0x8 main.o
 .group         0x00000000        0x8 main.o
 .group         0x00000000        0x8 main.o
 .group         0x00000000        0x8 main.o
 .group         0x00000000        0x8 main.o
 .group         0x00000000        0x8 main.o
 .group         0x00000000        0x8 main.o
 .group         0x00000000        0x8 main.o
 .group         0x00000000        0x8 main.o
 .group         0x00000000        0x8 main.o
 .group         0x00000000        0x8 main.o
 .group         0x00000000        0x8 main.o
 .group         0x00000000        0x8 main.o
 .text          0x00000000        0x0 main.o
 .data          0x00000000        0x0 main.o
 .bss           0x00000000        0x0 main.o
 .debug_macro   0x00000000      0x826 main.o
 .debug_macro   0x00000000       0x22 main.o
 .debug_macro   0x00000000       0x87 main.o
 .debug_macro   0x00000000       0x44 main.o
 .debug_macro   0x00000000       0xfd main.o
 .debug_macro   0x00000000       0x22 main.o
 .debug_macro   0x00000000      0x1df main.o
 .debug_macro   0x00000000       0x40 main.o
 .debug_macro   0x00000000       0x3a main.o
 .debug_macro   0x00000000       0x1f main.o
 .debug_macro   0x00000000      0x376 main.o
 .debug_macro   0x00000000      0x896 main.o
 .debug_macro   0x00000000      0x8bf main.o
 .debug_macro   0x00000000     0x2d61 main.o
 .debug_macro   0x00000000      0x21d main.o
 .debug_macro   0x00000000      0x281 main.o
 .debug_macro   0x00000000      0x130 main.o
 .debug_macro   0x00000000      0xd32 main.o
 .debug_macro   0x00000000      0x5ee main.o
 .debug_macro   0x00000000      0x5be main.o
 .debug_macro   0x00000000      0x823 main.o
 .debug_macro   0x00000000      0x172 main.o
 .debug_macro   0x00000000      0x2f7 main.o
 .debug_macro   0x00000000      0x55f main.o
 .debug_macro   0x00000000      0x42e main.o
 .debug_macro   0x00000000      0x21c main.o
 .debug_macro   0x00000000      0x72d main.o
 .debug_macro   0x00000000      0x557 main.o
 .debug_macro   0x00000000      0x334 main.o
 .debug_macro   0x00000000      0x6a9 main.o
 .debug_macro   0x00000000       0xc4 main.o
 .debug_macro   0x00000000      0x33f main.o
 .debug_macro   0x00000000       0x6a main.o
 .debug_macro   0x00000000     0x124a main.o
 .debug_macro   0x00000000      0x5a4 main.o
 .debug_macro   0x00000000      0xfc3 main.o
 .debug_macro   0x00000000      0x59d main.o
 .debug_macro   0x00000000      0x3c2 main.o
 .debug_macro   0x00000000      0x8ad main.o
 .debug_macro   0x00000000     0x19bd main.o
 .debug_macro   0x00000000      0x39c main.o
 .debug_macro   0x00000000      0x369 main.o
 .debug_macro   0x00000000       0x94 main.o
 .debug_macro   0x00000000       0xac main.o
 .debug_macro   0x00000000       0xac main.o
 .debug_macro   0x00000000      0x148 main.o
 .debug_macro   0x00000000      0x148 main.o
 .debug_macro   0x00000000       0x4c main.o
 .debug_macro   0x00000000       0x58 main.o
 .debug_macro   0x00000000       0x3a main.o
 .debug_macro   0x00000000       0xd6 main.o
 .debug_macro   0x00000000       0xb8 main.o
 .debug_macro   0x00000000       0x64 main.o
 .debug_macro   0x00000000      0x5e4 main.o
 .debug_macro   0x00000000       0x4c main.o
 .debug_macro   0x00000000      0x1bd main.o
 .debug_macro   0x00000000      0x183 main.o
 .debug_macro   0x00000000       0x52 main.o
 .debug_macro   0x00000000       0xa0 main.o
 .debug_macro   0x00000000       0xd6 main.o
 .debug_macro   0x00000000       0x8e main.o
 .debug_macro   0x00000000       0x4c main.o
 .debug_macro   0x00000000       0x64 main.o
 .debug_macro   0x00000000       0x22 main.o
 .debug_macro   0x00000000      0x16c main.o
 .debug_macro   0x00000000       0x16 main.o
 .debug_macro   0x00000000       0xd6 main.o
 .debug_macro   0x00000000       0xa0 main.o
 .debug_macro   0x00000000      0x132 main.o
 .debug_macro   0x00000000      0x132 main.o
 .debug_macro   0x00000000      0x132 main.o
 .debug_macro   0x00000000      0x132 main.o
 .debug_macro   0x00000000      0x132 main.o
 .debug_macro   0x00000000      0x132 main.o
 .debug_macro   0x00000000       0x4c main.o
 .debug_macro   0x00000000      0x167 main.o
 .debug_macro   0x00000000       0xfa main.o
 .debug_macro   0x00000000       0xfa main.o
 .debug_macro   0x00000000       0xfa main.o
 .debug_macro   0x00000000       0xfa main.o
 .debug_macro   0x00000000       0xfa main.o
 .debug_macro   0x00000000      0x124 main.o
 .debug_macro   0x00000000       0xfa main.o
 .debug_macro   0x00000000       0xee main.o
 .debug_macro   0x00000000       0x76 main.o
 .debug_macro   0x00000000       0x3a main.o
 .debug_macro   0x00000000      0x4aa main.o
 .debug_macro   0x00000000     0x27e3 main.o
 .debug_macro   0x00000000       0x82 main.o
 COMMON         0x00000000        0xc main.o
 .group         0x00000000        0x8 timing.o
 .group         0x00000000        0x8 timing.o
 .group         0x00000000        0x8 timing.o
 .group         0x00000000        0x8 timing.o
 .group         0x00000000        0x8 timing.o
 .group         0x00000000        0x8 timing.o
 .group         0x00000000        0x8 timing.o
 .group         0x00000000        0x8 timing.o
 .group         0x00000000        0x8 timing.o
 .group         0x00000000        0x8 timing.o
 .group         0x00000000        0x8 timing.o
 .group         0x00000000        0x8 timing.o
 .group         0x00000000        0x8 timing.o
 .group         0x00000000        0x8 timing.o
 .group         0x00000000        0x8 timing.o
 .group         0x00000000        0x8 timing.o
 .group         0x00000000        0x8 timing.o
 .group         0x00000000        0x8 timing.o
 .group         0x00000000        0x8 timing.o
 .group         0x00000000        0x8 timing.o
 .group         0x00000000        0x8 timing.o
 .group         0x00000000        0x8 timing.o
 .group         0x00000000        0x8 timing.o
 .group         0x00000000        0x8 timing.o
 .group         0x00000000        0x8 timing.o
 .group         0x00000000        0x8 timing.o
 .group         0x00000000        0x8 timing.o
 .group         0x00000000        0x8 timing.o
 .group         0x00000000        0x8 timing.o
 .group         0x00000000        0x8 timing.o
 .group         0x00000000        0x8 timing.o
 .group         0x00000000        0x8 timing.o
 .group         0x00000000        0x8 timing.o
 .group         0x00000000        0x8 timing.o
 .group         0x00000000        0x8 timing.o
 .group         0x00000000        0x8 timing.o
 .group         0x00000000        0x8 timing.o
 .group         0x00000000        0x8 timing.o
 .group         0x00000000        0x8 timing.o
 .group         0x00000000        0x8 timing.o
 .group         0x00000000        0x8 timing.o
 .group         0x00000000        0x8 timing.o
 .group         0x00000000        0x8 timing.o
 .group         0x00000000        0x8 timing.o
 .group         0x00000000        0x8 timing.o
 .group         0x00000000        0x8 timing.o
 .group         0x00000000        0x8 timing.o
 .group         0x00000000        0x8 timing.o
 .group         0x00000000        0x8 timing.o
 .group         0x00000000        0x8 timing.o
 .group         0x00000000        0x8 timing.o
 .group         0x00000000        0x8 timing.o
 .group         0x00000000        0x8 timing.o
 .group         0x00000000        0x8 timing.o
 .group         0x00000000        0x8 timing.o
 .group         0x00000000        0x8 timing.o
 .group         0x00000000        0x8 timing.o
 .group         0x00000000        0x8 timing.o
 .group         0x00000000        0x8 timing.o
 .group         0x00000000        0x8 timing.o
 .group         0x00000000        0x8 timing.o
 .group         0x00000000        0x8 timing.o
 .group         0x00000000        0x8 timing.o
 .group         0x00000000        0x8 timing.o
 .group         0x00000000        0x8 timing.o
 .group         0x00000000        0x8 timing.o
 .group         0x00000000        0x8 timing.o
 .group         0x00000000        0x8 timing.o
 .group         0x00000000        0x8 timing.o
 .group         0x00000000        0x8 timing.o
 .group         0x00000000        0x8 timing.o
 .group         0x00000000        0x8 timing.o
 .group         0x00000000        0x8 timing.o
 .group         0x00000000        0x8 timing.o
 .group         0x00000000        0x8 timing.o
 .group         0x00000000        0x8 timing.o
 .group         0x00000000        0x8 timing.o
 .group         0x00000000        0x8 timing.o
 .group         0x00000000        0x8 timing.o
 .group         0x00000000        0x8 timing.o
 .group         0x00000000        0x8 timing.o
 .group         0x00000000        0x8 timing.o
 .group         0x00000000        0x8 timing.o
 .group         0x00000000        0x8 timing.o
 .group         0x00000000        0x8 timing.o
 .group         0x00000000        0x8 timing.o
 .group         0x00000000        0x8 timing.o
 .group         0x00000000        0x8 timing.o
 .group         0x00000000        0x8 timing.o
 .text          0x00000000        0x0 timing.o
 .data          0x00000000        0x0 timing.o
 .text.timer32_enable
                0x00000000       0x1c timing.o
 .text.timer32_disable
                0x00000000       0x10 timing.o
 .text.timer32_init
                0x00000000       0x88 timing.o
 .text.millis   0x00000000        0xc timing.o
 .text.micros   0x00000000        0xc timing.o
 .debug_macro   0x00000000      0x826 timing.o
 .debug_macro   0x00000000       0x22 timing.o
 .debug_macro   0x00000000       0x87 timing.o
 .debug_macro   0x00000000       0x44 timing.o
 .debug_macro   0x00000000       0xfd timing.o
 .debug_macro   0x00000000       0x22 timing.o
 .debug_macro   0x00000000      0x1df timing.o
 .debug_macro   0x00000000       0x40 timing.o
 .debug_macro   0x00000000       0x3a timing.o
 .debug_macro   0x00000000       0x1f timing.o
 .debug_macro   0x00000000      0x376 timing.o
 .debug_macro   0x00000000      0x896 timing.o
 .debug_macro   0x00000000      0x8bf timing.o
 .debug_macro   0x00000000     0x2d61 timing.o
 .debug_macro   0x00000000      0x21d timing.o
 .debug_macro   0x00000000      0x281 timing.o
 .debug_macro   0x00000000      0x130 timing.o
 .debug_macro   0x00000000      0xd32 timing.o
 .debug_macro   0x00000000      0x5ee timing.o
 .debug_macro   0x00000000      0x5be timing.o
 .debug_macro   0x00000000      0x823 timing.o
 .debug_macro   0x00000000      0x172 timing.o
 .debug_macro   0x00000000      0x2f7 timing.o
 .debug_macro   0x00000000      0x55f timing.o
 .debug_macro   0x00000000      0x42e timing.o
 .debug_macro   0x00000000      0x21c timing.o
 .debug_macro   0x00000000      0x72d timing.o
 .debug_macro   0x00000000      0x557 timing.o
 .debug_macro   0x00000000      0x334 timing.o
 .debug_macro   0x00000000      0x6a9 timing.o
 .debug_macro   0x00000000       0xc4 timing.o
 .debug_macro   0x00000000      0x33f timing.o
 .debug_macro   0x00000000       0x6a timing.o
 .debug_macro   0x00000000     0x124a timing.o
 .debug_macro   0x00000000      0x5a4 timing.o
 .debug_macro   0x00000000      0xfc3 timing.o
 .debug_macro   0x00000000      0x59d timing.o
 .debug_macro   0x00000000      0x3c2 timing.o
 .debug_macro   0x00000000      0x8ad timing.o
 .debug_macro   0x00000000     0x19bd timing.o
 .debug_macro   0x00000000      0x39c timing.o
 .debug_macro   0x00000000      0x369 timing.o
 .debug_macro   0x00000000       0x94 timing.o
 .debug_macro   0x00000000       0xac timing.o
 .debug_macro   0x00000000       0xac timing.o
 .debug_macro   0x00000000      0x148 timing.o
 .debug_macro   0x00000000      0x148 timing.o
 .debug_macro   0x00000000       0x4c timing.o
 .debug_macro   0x00000000       0x58 timing.o
 .debug_macro   0x00000000       0x3a timing.o
 .debug_macro   0x00000000       0xd6 timing.o
 .debug_macro   0x00000000       0xb8 timing.o
 .debug_macro   0x00000000       0x64 timing.o
 .debug_macro   0x00000000      0x5e4 timing.o
 .debug_macro   0x00000000       0x4c timing.o
 .debug_macro   0x00000000      0x1bd timing.o
 .debug_macro   0x00000000      0x183 timing.o
 .debug_macro   0x00000000       0x52 timing.o
 .debug_macro   0x00000000       0xa0 timing.o
 .debug_macro   0x00000000       0xd6 timing.o
 .debug_macro   0x00000000       0x8e timing.o
 .debug_macro   0x00000000       0x4c timing.o
 .debug_macro   0x00000000       0x64 timing.o
 .debug_macro   0x00000000       0x22 timing.o
 .debug_macro   0x00000000      0x16c timing.o
 .debug_macro   0x00000000       0x16 timing.o
 .debug_macro   0x00000000       0xd6 timing.o
 .debug_macro   0x00000000       0xa0 timing.o
 .debug_macro   0x00000000      0x132 timing.o
 .debug_macro   0x00000000      0x132 timing.o
 .debug_macro   0x00000000      0x132 timing.o
 .debug_macro   0x00000000      0x132 timing.o
 .debug_macro   0x00000000      0x132 timing.o
 .debug_macro   0x00000000      0x132 timing.o
 .debug_macro   0x00000000       0x4c timing.o
 .debug_macro   0x00000000      0x167 timing.o
 .debug_macro   0x00000000       0xfa timing.o
 .debug_macro   0x00000000       0xfa timing.o
 .debug_macro   0x00000000       0xfa timing.o
 .debug_macro   0x00000000       0xfa timing.o
 .debug_macro   0x00000000       0xfa timing.o
 .debug_macro   0x00000000      0x124 timing.o
 .debug_macro   0x00000000       0xfa timing.o
 .debug_macro   0x00000000       0xee timing.o
 .debug_macro   0x00000000       0x76 timing.o
 .debug_macro   0x00000000       0x3a timing.o
 .debug_macro   0x00000000      0x4aa timing.o
 .debug_macro   0x00000000     0x27e3 timing.o
 .debug_macro   0x00000000       0x82 timing.o
 .group         0x00000000        0x8 utilities.o
 .group         0x00000000        0x8 utilities.o
 .group         0x00000000        0x8 utilities.o
 .group         0x00000000        0x8 utilities.o
 .group         0x00000000        0x8 utilities.o
 .group         0x00000000        0x8 utilities.o
 .group         0x00000000        0x8 utilities.o
 .group         0x00000000        0x8 utilities.o
 .group         0x00000000        0x8 utilities.o
 .group         0x00000000        0x8 utilities.o
 .group         0x00000000        0x8 utilities.o
 .group         0x00000000        0x8 utilities.o
 .group         0x00000000        0x8 utilities.o
 .group         0x00000000        0x8 utilities.o
 .group         0x00000000        0x8 utilities.o
 .group         0x00000000        0x8 utilities.o
 .group         0x00000000        0x8 utilities.o
 .group         0x00000000        0x8 utilities.o
 .group         0x00000000        0x8 utilities.o
 .group         0x00000000        0x8 utilities.o
 .group         0x00000000        0x8 utilities.o
 .group         0x00000000        0x8 utilities.o
 .group         0x00000000        0x8 utilities.o
 .group         0x00000000        0x8 utilities.o
 .group         0x00000000        0x8 utilities.o
 .group         0x00000000        0x8 utilities.o
 .group         0x00000000        0x8 utilities.o
 .group         0x00000000        0x8 utilities.o
 .group         0x00000000        0x8 utilities.o
 .group         0x00000000        0x8 utilities.o
 .group         0x00000000        0x8 utilities.o
 .group         0x00000000        0x8 utilities.o
 .group         0x00000000        0x8 utilities.o
 .group         0x00000000        0x8 utilities.o
 .group         0x00000000        0x8 utilities.o
 .group         0x00000000        0x8 utilities.o
 .group         0x00000000        0x8 utilities.o
 .group         0x00000000        0x8 utilities.o
 .group         0x00000000        0x8 utilities.o
 .group         0x00000000        0x8 utilities.o
 .group         0x00000000        0x8 utilities.o
 .group         0x00000000        0x8 utilities.o
 .group         0x00000000        0x8 utilities.o
 .group         0x00000000        0x8 utilities.o
 .group         0x00000000        0x8 utilities.o
 .group         0x00000000        0x8 utilities.o
 .group         0x00000000        0x8 utilities.o
 .group         0x00000000        0x8 utilities.o
 .group         0x00000000        0x8 utilities.o
 .group         0x00000000        0x8 utilities.o
 .group         0x00000000        0x8 utilities.o
 .group         0x00000000        0x8 utilities.o
 .group         0x00000000        0x8 utilities.o
 .group         0x00000000        0x8 utilities.o
 .group         0x00000000        0x8 utilities.o
 .group         0x00000000        0x8 utilities.o
 .group         0x00000000        0x8 utilities.o
 .group         0x00000000        0x8 utilities.o
 .group         0x00000000        0x8 utilities.o
 .group         0x00000000        0x8 utilities.o
 .group         0x00000000        0x8 utilities.o
 .group         0x00000000        0x8 utilities.o
 .group         0x00000000        0x8 utilities.o
 .group         0x00000000        0x8 utilities.o
 .group         0x00000000        0x8 utilities.o
 .group         0x00000000        0x8 utilities.o
 .group         0x00000000        0x8 utilities.o
 .group         0x00000000        0x8 utilities.o
 .group         0x00000000        0x8 utilities.o
 .group         0x00000000        0x8 utilities.o
 .group         0x00000000        0x8 utilities.o
 .group         0x00000000        0x8 utilities.o
 .group         0x00000000        0x8 utilities.o
 .group         0x00000000        0x8 utilities.o
 .group         0x00000000        0x8 utilities.o
 .group         0x00000000        0x8 utilities.o
 .group         0x00000000        0x8 utilities.o
 .group         0x00000000        0x8 utilities.o
 .group         0x00000000        0x8 utilities.o
 .group         0x00000000        0x8 utilities.o
 .group         0x00000000        0x8 utilities.o
 .group         0x00000000        0x8 utilities.o
 .group         0x00000000        0x8 utilities.o
 .group         0x00000000        0x8 utilities.o
 .group         0x00000000        0x8 utilities.o
 .group         0x00000000        0x8 utilities.o
 .group         0x00000000        0x8 utilities.o
 .group         0x00000000        0x8 utilities.o
 .group         0x00000000        0x8 utilities.o
 .group         0x00000000        0x8 utilities.o
 .text          0x00000000        0x0 utilities.o
 .data          0x00000000        0x0 utilities.o
 .bss           0x00000000        0x0 utilities.o
 .text.pinConfig
                0x00000000       0x64 utilities.o
 .debug_macro   0x00000000      0x826 utilities.o
 .debug_macro   0x00000000       0x22 utilities.o
 .debug_macro   0x00000000       0x87 utilities.o
 .debug_macro   0x00000000       0x44 utilities.o
 .debug_macro   0x00000000       0xfd utilities.o
 .debug_macro   0x00000000       0x22 utilities.o
 .debug_macro   0x00000000      0x1df utilities.o
 .debug_macro   0x00000000       0x40 utilities.o
 .debug_macro   0x00000000       0x3a utilities.o
 .debug_macro   0x00000000       0x1f utilities.o
 .debug_macro   0x00000000      0x376 utilities.o
 .debug_macro   0x00000000      0x896 utilities.o
 .debug_macro   0x00000000      0x8bf utilities.o
 .debug_macro   0x00000000     0x2d61 utilities.o
 .debug_macro   0x00000000      0x21d utilities.o
 .debug_macro   0x00000000      0x281 utilities.o
 .debug_macro   0x00000000      0x130 utilities.o
 .debug_macro   0x00000000      0xd32 utilities.o
 .debug_macro   0x00000000      0x5ee utilities.o
 .debug_macro   0x00000000      0x5be utilities.o
 .debug_macro   0x00000000      0x823 utilities.o
 .debug_macro   0x00000000      0x172 utilities.o
 .debug_macro   0x00000000      0x2f7 utilities.o
 .debug_macro   0x00000000      0x55f utilities.o
 .debug_macro   0x00000000      0x42e utilities.o
 .debug_macro   0x00000000      0x21c utilities.o
 .debug_macro   0x00000000      0x72d utilities.o
 .debug_macro   0x00000000      0x557 utilities.o
 .debug_macro   0x00000000      0x334 utilities.o
 .debug_macro   0x00000000      0x6a9 utilities.o
 .debug_macro   0x00000000       0xc4 utilities.o
 .debug_macro   0x00000000      0x33f utilities.o
 .debug_macro   0x00000000       0x6a utilities.o
 .debug_macro   0x00000000     0x124a utilities.o
 .debug_macro   0x00000000      0x5a4 utilities.o
 .debug_macro   0x00000000      0xfc3 utilities.o
 .debug_macro   0x00000000      0x59d utilities.o
 .debug_macro   0x00000000      0x3c2 utilities.o
 .debug_macro   0x00000000      0x8ad utilities.o
 .debug_macro   0x00000000     0x19bd utilities.o
 .debug_macro   0x00000000      0x39c utilities.o
 .debug_macro   0x00000000      0x369 utilities.o
 .debug_macro   0x00000000       0x94 utilities.o
 .debug_macro   0x00000000       0xac utilities.o
 .debug_macro   0x00000000       0xac utilities.o
 .debug_macro   0x00000000      0x148 utilities.o
 .debug_macro   0x00000000      0x148 utilities.o
 .debug_macro   0x00000000       0x4c utilities.o
 .debug_macro   0x00000000       0x58 utilities.o
 .debug_macro   0x00000000       0x3a utilities.o
 .debug_macro   0x00000000       0xd6 utilities.o
 .debug_macro   0x00000000       0xb8 utilities.o
 .debug_macro   0x00000000       0x64 utilities.o
 .debug_macro   0x00000000      0x5e4 utilities.o
 .debug_macro   0x00000000       0x4c utilities.o
 .debug_macro   0x00000000      0x1bd utilities.o
 .debug_macro   0x00000000      0x183 utilities.o
 .debug_macro   0x00000000       0x52 utilities.o
 .debug_macro   0x00000000       0xa0 utilities.o
 .debug_macro   0x00000000       0xd6 utilities.o
 .debug_macro   0x00000000       0x8e utilities.o
 .debug_macro   0x00000000       0x4c utilities.o
 .debug_macro   0x00000000       0x64 utilities.o
 .debug_macro   0x00000000       0x22 utilities.o
 .debug_macro   0x00000000      0x16c utilities.o
 .debug_macro   0x00000000       0x16 utilities.o
 .debug_macro   0x00000000       0xd6 utilities.o
 .debug_macro   0x00000000       0xa0 utilities.o
 .debug_macro   0x00000000      0x132 utilities.o
 .debug_macro   0x00000000      0x132 utilities.o
 .debug_macro   0x00000000      0x132 utilities.o
 .debug_macro   0x00000000      0x132 utilities.o
 .debug_macro   0x00000000      0x132 utilities.o
 .debug_macro   0x00000000      0x132 utilities.o
 .debug_macro   0x00000000       0x4c utilities.o
 .debug_macro   0x00000000      0x167 utilities.o
 .debug_macro   0x00000000       0xfa utilities.o
 .debug_macro   0x00000000       0xfa utilities.o
 .debug_macro   0x00000000       0xfa utilities.o
 .debug_macro   0x00000000       0xfa utilities.o
 .debug_macro   0x00000000       0xfa utilities.o
 .debug_macro   0x00000000      0x124 utilities.o
 .debug_macro   0x00000000       0xfa utilities.o
 .debug_macro   0x00000000       0xee utilities.o
 .debug_macro   0x00000000       0x76 utilities.o
 .debug_macro   0x00000000       0x3a utilities.o
 .debug_macro   0x00000000      0x4aa utilities.o
 .debug_macro   0x00000000     0x27e3 utilities.o
 .debug_macro   0x00000000       0x82 utilities.o
 .debug_macro   0x00000000       0x76 utilities.o
 .text          0x00000000      0x114 c:/program files (x86)/atmel/studio/7.0/toolchain/arm/arm-gnu-toolchain/bin/../lib/gcc/arm-none-eabi/5.3.1/armv6-m\libgcc.a(_udivsi3.o)
 .data          0x00000000        0x0 c:/program files (x86)/atmel/studio/7.0/toolchain/arm/arm-gnu-toolchain/bin/../lib/gcc/arm-none-eabi/5.3.1/armv6-m\libgcc.a(_udivsi3.o)
 .bss           0x00000000        0x0 c:/program files (x86)/atmel/studio/7.0/toolchain/arm/arm-gnu-toolchain/bin/../lib/gcc/arm-none-eabi/5.3.1/armv6-m\libgcc.a(_udivsi3.o)
 .debug_frame   0x00000000       0x20 c:/program files (x86)/atmel/studio/7.0/toolchain/arm/arm-gnu-toolchain/bin/../lib/gcc/arm-none-eabi/5.3.1/armv6-m\libgcc.a(_udivsi3.o)
 .ARM.attributes
                0x00000000       0x1e c:/program files (x86)/atmel/studio/7.0/toolchain/arm/arm-gnu-toolchain/bin/../lib/gcc/arm-none-eabi/5.3.1/armv6-m\libgcc.a(_udivsi3.o)
 .text          0x00000000        0x4 c:/program files (x86)/atmel/studio/7.0/toolchain/arm/arm-gnu-toolchain/bin/../lib/gcc/arm-none-eabi/5.3.1/armv6-m\libgcc.a(_dvmd_tls.o)
 .data          0x00000000        0x0 c:/program files (x86)/atmel/studio/7.0/toolchain/arm/arm-gnu-toolchain/bin/../lib/gcc/arm-none-eabi/5.3.1/armv6-m\libgcc.a(_dvmd_tls.o)
 .bss           0x00000000        0x0 c:/program files (x86)/atmel/studio/7.0/toolchain/arm/arm-gnu-toolchain/bin/../lib/gcc/arm-none-eabi/5.3.1/armv6-m\libgcc.a(_dvmd_tls.o)
 .ARM.attributes
                0x00000000       0x1e c:/program files (x86)/atmel/studio/7.0/toolchain/arm/arm-gnu-toolchain/bin/../lib/gcc/arm-none-eabi/5.3.1/armv6-m\libgcc.a(_dvmd_tls.o)
 .text          0x00000000        0x0 c:/program files (x86)/atmel/studio/7.0/toolchain/arm/arm-gnu-toolchain/bin/../lib/gcc/arm-none-eabi/5.3.1/../../../../arm-none-eabi/lib/armv6-m\libc.a(lib_a-exit.o)
 .data          0x00000000        0x0 c:/program files (x86)/atmel/studio/7.0/toolchain/arm/arm-gnu-toolchain/bin/../lib/gcc/arm-none-eabi/5.3.1/../../../../arm-none-eabi/lib/armv6-m\libc.a(lib_a-exit.o)
 .bss           0x00000000        0x0 c:/program files (x86)/atmel/studio/7.0/toolchain/arm/arm-gnu-toolchain/bin/../lib/gcc/arm-none-eabi/5.3.1/../../../../arm-none-eabi/lib/armv6-m\libc.a(lib_a-exit.o)
 .text.exit     0x00000000       0x20 c:/program files (x86)/atmel/studio/7.0/toolchain/arm/arm-gnu-toolchain/bin/../lib/gcc/arm-none-eabi/5.3.1/../../../../arm-none-eabi/lib/armv6-m\libc.a(lib_a-exit.o)
 .debug_frame   0x00000000       0x28 c:/program files (x86)/atmel/studio/7.0/toolchain/arm/arm-gnu-toolchain/bin/../lib/gcc/arm-none-eabi/5.3.1/../../../../arm-none-eabi/lib/armv6-m\libc.a(lib_a-exit.o)
 .ARM.attributes
                0x00000000       0x2c c:/program files (x86)/atmel/studio/7.0/toolchain/arm/arm-gnu-toolchain/bin/../lib/gcc/arm-none-eabi/5.3.1/../../../../arm-none-eabi/lib/armv6-m\libc.a(lib_a-exit.o)
 .text          0x00000000        0x0 c:/program files (x86)/atmel/studio/7.0/toolchain/arm/arm-gnu-toolchain/bin/../lib/gcc/arm-none-eabi/5.3.1/../../../../arm-none-eabi/lib/armv6-m\libc.a(lib_a-impure.o)
 .data          0x00000000        0x0 c:/program files (x86)/atmel/studio/7.0/toolchain/arm/arm-gnu-toolchain/bin/../lib/gcc/arm-none-eabi/5.3.1/../../../../arm-none-eabi/lib/armv6-m\libc.a(lib_a-impure.o)
 .bss           0x00000000        0x0 c:/program files (x86)/atmel/studio/7.0/toolchain/arm/arm-gnu-toolchain/bin/../lib/gcc/arm-none-eabi/5.3.1/../../../../arm-none-eabi/lib/armv6-m\libc.a(lib_a-impure.o)
 .data._impure_ptr
                0x00000000        0x4 c:/program files (x86)/atmel/studio/7.0/toolchain/arm/arm-gnu-toolchain/bin/../lib/gcc/arm-none-eabi/5.3.1/../../../../arm-none-eabi/lib/armv6-m\libc.a(lib_a-impure.o)
 .text          0x00000000        0x0 c:/program files (x86)/atmel/studio/7.0/toolchain/arm/arm-gnu-toolchain/bin/../lib/gcc/arm-none-eabi/5.3.1/../../../../arm-none-eabi/lib/armv6-m\libc.a(lib_a-init.o)
 .data          0x00000000        0x0 c:/program files (x86)/atmel/studio/7.0/toolchain/arm/arm-gnu-toolchain/bin/../lib/gcc/arm-none-eabi/5.3.1/../../../../arm-none-eabi/lib/armv6-m\libc.a(lib_a-init.o)
 .bss           0x00000000        0x0 c:/program files (x86)/atmel/studio/7.0/toolchain/arm/arm-gnu-toolchain/bin/../lib/gcc/arm-none-eabi/5.3.1/../../../../arm-none-eabi/lib/armv6-m\libc.a(lib_a-init.o)
 .text          0x00000000        0x0 c:/program files (x86)/atmel/studio/7.0/toolchain/arm/arm-gnu-toolchain/bin/../lib/gcc/arm-none-eabi/5.3.1/../../../../arm-none-eabi/lib/armv6-m\libc.a(lib_a-memcpy-stub.o)
 .data          0x00000000        0x0 c:/program files (x86)/atmel/studio/7.0/toolchain/arm/arm-gnu-toolchain/bin/../lib/gcc/arm-none-eabi/5.3.1/../../../../arm-none-eabi/lib/armv6-m\libc.a(lib_a-memcpy-stub.o)
 .bss           0x00000000        0x0 c:/program files (x86)/atmel/studio/7.0/toolchain/arm/arm-gnu-toolchain/bin/../lib/gcc/arm-none-eabi/5.3.1/../../../../arm-none-eabi/lib/armv6-m\libc.a(lib_a-memcpy-stub.o)
 .text          0x00000000        0x0 c:/program files (x86)/atmel/studio/7.0/toolchain/arm/arm-gnu-toolchain/bin/../lib/gcc/arm-none-eabi/5.3.1/../../../../arm-none-eabi/lib/armv6-m\libc.a(lib_a-memset.o)
 .data          0x00000000        0x0 c:/program files (x86)/atmel/studio/7.0/toolchain/arm/arm-gnu-toolchain/bin/../lib/gcc/arm-none-eabi/5.3.1/../../../../arm-none-eabi/lib/armv6-m\libc.a(lib_a-memset.o)
 .bss           0x00000000        0x0 c:/program files (x86)/atmel/studio/7.0/toolchain/arm/arm-gnu-toolchain/bin/../lib/gcc/arm-none-eabi/5.3.1/../../../../arm-none-eabi/lib/armv6-m\libc.a(lib_a-memset.o)
 .text.memset   0x00000000       0x8c c:/program files (x86)/atmel/studio/7.0/toolchain/arm/arm-gnu-toolchain/bin/../lib/gcc/arm-none-eabi/5.3.1/../../../../arm-none-eabi/lib/armv6-m\libc.a(lib_a-memset.o)
 .debug_frame   0x00000000       0x2c c:/program files (x86)/atmel/studio/7.0/toolchain/arm/arm-gnu-toolchain/bin/../lib/gcc/arm-none-eabi/5.3.1/../../../../arm-none-eabi/lib/armv6-m\libc.a(lib_a-memset.o)
 .ARM.attributes
                0x00000000       0x2c c:/program files (x86)/atmel/studio/7.0/toolchain/arm/arm-gnu-toolchain/bin/../lib/gcc/arm-none-eabi/5.3.1/../../../../arm-none-eabi/lib/armv6-m\libc.a(lib_a-memset.o)
 .text          0x00000000        0x0 c:/program files (x86)/atmel/studio/7.0/toolchain/arm/arm-gnu-toolchain/bin/../lib/gcc/arm-none-eabi/5.3.1/../../../../arm-none-eabi/lib/armv6-m\libc.a(lib_a-__call_atexit.o)
 .data          0x00000000        0x0 c:/program files (x86)/atmel/studio/7.0/toolchain/arm/arm-gnu-toolchain/bin/../lib/gcc/arm-none-eabi/5.3.1/../../../../arm-none-eabi/lib/armv6-m\libc.a(lib_a-__call_atexit.o)
 .bss           0x00000000        0x0 c:/program files (x86)/atmel/studio/7.0/toolchain/arm/arm-gnu-toolchain/bin/../lib/gcc/arm-none-eabi/5.3.1/../../../../arm-none-eabi/lib/armv6-m\libc.a(lib_a-__call_atexit.o)
 .text.__call_exitprocs
                0x00000000       0xfc c:/program files (x86)/atmel/studio/7.0/toolchain/arm/arm-gnu-toolchain/bin/../lib/gcc/arm-none-eabi/5.3.1/../../../../arm-none-eabi/lib/armv6-m\libc.a(lib_a-__call_atexit.o)
 .text          0x00000000        0x0 c:/program files (x86)/atmel/studio/7.0/toolchain/arm/arm-gnu-toolchain/bin/../lib/gcc/arm-none-eabi/5.3.1/../../../../arm-none-eabi/lib/armv6-m\libc.a(lib_a-atexit.o)
 .data          0x00000000        0x0 c:/program files (x86)/atmel/studio/7.0/toolchain/arm/arm-gnu-toolchain/bin/../lib/gcc/arm-none-eabi/5.3.1/../../../../arm-none-eabi/lib/armv6-m\libc.a(lib_a-atexit.o)
 .bss           0x00000000        0x0 c:/program files (x86)/atmel/studio/7.0/toolchain/arm/arm-gnu-toolchain/bin/../lib/gcc/arm-none-eabi/5.3.1/../../../../arm-none-eabi/lib/armv6-m\libc.a(lib_a-atexit.o)
 .text          0x00000000        0x0 c:/program files (x86)/atmel/studio/7.0/toolchain/arm/arm-gnu-toolchain/bin/../lib/gcc/arm-none-eabi/5.3.1/../../../../arm-none-eabi/lib/armv6-m\libc.a(lib_a-fini.o)
 .data          0x00000000        0x0 c:/program files (x86)/atmel/studio/7.0/toolchain/arm/arm-gnu-toolchain/bin/../lib/gcc/arm-none-eabi/5.3.1/../../../../arm-none-eabi/lib/armv6-m\libc.a(lib_a-fini.o)
 .bss           0x00000000        0x0 c:/program files (x86)/atmel/studio/7.0/toolchain/arm/arm-gnu-toolchain/bin/../lib/gcc/arm-none-eabi/5.3.1/../../../../arm-none-eabi/lib/armv6-m\libc.a(lib_a-fini.o)
 .text          0x00000000        0x0 c:/program files (x86)/atmel/studio/7.0/toolchain/arm/arm-gnu-toolchain/bin/../lib/gcc/arm-none-eabi/5.3.1/../../../../arm-none-eabi/lib/armv6-m\libc.a(lib_a-__atexit.o)
 .data          0x00000000        0x0 c:/program files (x86)/atmel/studio/7.0/toolchain/arm/arm-gnu-toolchain/bin/../lib/gcc/arm-none-eabi/5.3.1/../../../../arm-none-eabi/lib/armv6-m\libc.a(lib_a-__atexit.o)
 .bss           0x00000000        0x0 c:/program files (x86)/atmel/studio/7.0/toolchain/arm/arm-gnu-toolchain/bin/../lib/gcc/arm-none-eabi/5.3.1/../../../../arm-none-eabi/lib/armv6-m\libc.a(lib_a-__atexit.o)
 .text          0x00000000        0x0 c:/program files (x86)/atmel/studio/7.0/toolchain/arm/arm-gnu-toolchain/bin/../lib/gcc/arm-none-eabi/5.3.1/armv6-m/crtend.o
 .data          0x00000000        0x0 c:/program files (x86)/atmel/studio/7.0/toolchain/arm/arm-gnu-toolchain/bin/../lib/gcc/arm-none-eabi/5.3.1/armv6-m/crtend.o
 .bss           0x00000000        0x0 c:/program files (x86)/atmel/studio/7.0/toolchain/arm/arm-gnu-toolchain/bin/../lib/gcc/arm-none-eabi/5.3.1/armv6-m/crtend.o
 .eh_frame      0x00000000        0x4 c:/program files (x86)/atmel/studio/7.0/toolchain/arm/arm-gnu-toolchain/bin/../lib/gcc/arm-none-eabi/5.3.1/armv6-m/crtend.o
 .jcr           0x00000000        0x4 c:/program files (x86)/atmel/studio/7.0/toolchain/arm/arm-gnu-toolchain/bin/../lib/gcc/arm-none-eabi/5.3.1/armv6-m/crtend.o
 .ARM.attributes
                0x00000000       0x2c c:/program files (x86)/atmel/studio/7.0/toolchain/arm/arm-gnu-toolchain/bin/../lib/gcc/arm-none-eabi/5.3.1/armv6-m/crtend.o
 .text          0x00000000        0x0 c:/program files (x86)/atmel/studio/7.0/toolchain/arm/arm-gnu-toolchain/bin/../lib/gcc/arm-none-eabi/5.3.1/armv6-m/crtn.o
 .data          0x00000000        0x0 c:/program files (x86)/atmel/studio/7.0/toolchain/arm/arm-gnu-toolchain/bin/../lib/gcc/arm-none-eabi/5.3.1/armv6-m/crtn.o
 .bss           0x00000000        0x0 c:/program files (x86)/atmel/studio/7.0/toolchain/arm/arm-gnu-toolchain/bin/../lib/gcc/arm-none-eabi/5.3.1/armv6-m/crtn.o

Memory Configuration

Name             Origin             Length             Attributes
rom              0x00000000         0x00040000         xr
ram              0x20000000         0x00008000         xrw
*default*        0x00000000         0xffffffff

Linker script and memory map

LOAD c:/program files (x86)/atmel/studio/7.0/toolchain/arm/arm-gnu-toolchain/bin/../lib/gcc/arm-none-eabi/5.3.1/armv6-m/crti.o
LOAD c:/program files (x86)/atmel/studio/7.0/toolchain/arm/arm-gnu-toolchain/bin/../lib/gcc/arm-none-eabi/5.3.1/armv6-m/crtbegin.o
LOAD c:/program files (x86)/atmel/studio/7.0/toolchain/arm/arm-gnu-toolchain/bin/../lib/gcc/arm-none-eabi/5.3.1/../../../../arm-none-eabi/lib/armv6-m/crt0.o
LOAD Device_Startup/startup_samc21.o
LOAD Device_Startup/system_samc21.o
LOAD main.o
LOAD timing.o
LOAD utilities.o
START GROUP
LOAD c:/program files (x86)/atmel/studio/7.0/toolchain/arm/arm-gnu-toolchain/bin/../lib/gcc/arm-none-eabi/5.3.1/../../../../arm-none-eabi/lib/armv6-m\libm.a
END GROUP
START GROUP
LOAD c:/program files (x86)/atmel/studio/7.0/toolchain/arm/arm-gnu-toolchain/bin/../lib/gcc/arm-none-eabi/5.3.1/armv6-m\libgcc.a
LOAD c:/program files (x86)/atmel/studio/7.0/toolchain/arm/arm-gnu-toolchain/bin/../lib/gcc/arm-none-eabi/5.3.1/../../../../arm-none-eabi/lib/armv6-m\libc.a
END GROUP
LOAD c:/program files (x86)/atmel/studio/7.0/toolchain/arm/arm-gnu-toolchain/bin/../lib/gcc/arm-none-eabi/5.3.1/armv6-m/crtend.o
LOAD c:/program files (x86)/atmel/studio/7.0/toolchain/arm/arm-gnu-toolchain/bin/../lib/gcc/arm-none-eabi/5.3.1/armv6-m/crtn.o
                0x00002000                STACK_SIZE = DEFINED (STACK_SIZE)?STACK_SIZE:DEFINED (__stack_size__)?__stack_size__:0x2000

.text           0x00000000      0x468
                0x00000000                . = ALIGN (0x4)
                0x00000000                _sfixed = .
 *(.vectors .vectors.*)
 .vectors       0x00000000       0xbc Device_Startup/startup_samc21.o
                0x00000000                exception_table
 *(.text .text.* .gnu.linkonce.t.*)
 .text          0x000000bc       0x60 c:/program files (x86)/atmel/studio/7.0/toolchain/arm/arm-gnu-toolchain/bin/../lib/gcc/arm-none-eabi/5.3.1/armv6-m/crtbegin.o
 .text.Dummy_Handler
                0x0000011c        0x4 Device_Startup/startup_samc21.o
                0x0000011c                DMAC_Handler
                0x0000011c                HardFault_Handler
                0x0000011c                TC2_Handler
                0x0000011c                AC_Handler
                0x0000011c                SysTick_Handler
                0x0000011c                PendSV_Handler
                0x0000011c                NMI_Handler
                0x0000011c                SERCOM1_Handler
                0x0000011c                TCC1_Handler
                0x0000011c                SERCOM2_Handler
                0x0000011c                TCC0_Handler
                0x0000011c                RTC_Handler
                0x0000011c                ADC1_Handler
                0x0000011c                EIC_Handler
                0x0000011c                WDT_Handler
                0x0000011c                CAN0_Handler
                0x0000011c                TC4_Handler
                0x0000011c                TC1_Handler
                0x0000011c                TC3_Handler
                0x0000011c                SDADC_Handler
                0x0000011c                Dummy_Handler
                0x0000011c                SERCOM5_Handler
                0x0000011c                CAN1_Handler
                0x0000011c                ADC0_Handler
                0x0000011c                TSENS_Handler
                0x0000011c                SVC_Handler
                0x0000011c                TCC2_Handler
                0x0000011c                EVSYS_Handler
                0x0000011c                SERCOM3_Handler
                0x0000011c                SERCOM4_Handler
                0x0000011c                NVMCTRL_Handler
                0x0000011c                SYSTEM_Handler
                0x0000011c                SERCOM0_Handler
                0x0000011c                DAC_Handler
                0x0000011c                PTC_Handler
                0x0000011c                FREQM_Handler
 .text.Reset_Handler
                0x00000120       0x9c Device_Startup/startup_samc21.o
                0x00000120                Reset_Handler
 .text.SystemInit
                0x000001bc       0x10 Device_Startup/system_samc21.o
                0x000001bc                SystemInit
 .text.main     0x000001cc       0x40 main.o
                0x000001cc                main
 .text.TC0_Handler
                0x0000020c       0x20 timing.o
                0x0000020c                TC0_Handler
 .text.pinClear
                0x0000022c       0x1c utilities.o
                0x0000022c                pinClear
 .text.__libc_init_array
                0x00000248       0x48 c:/program files (x86)/atmel/studio/7.0/toolchain/arm/arm-gnu-toolchain/bin/../lib/gcc/arm-none-eabi/5.3.1/../../../../arm-none-eabi/lib/armv6-m\libc.a(lib_a-init.o)
                0x00000248                __libc_init_array
 .text.memcpy   0x00000290       0x7c c:/program files (x86)/atmel/studio/7.0/toolchain/arm/arm-gnu-toolchain/bin/../lib/gcc/arm-none-eabi/5.3.1/../../../../arm-none-eabi/lib/armv6-m\libc.a(lib_a-memcpy-stub.o)
                0x00000290                memcpy
 .text.startup.register_fini
                0x0000030c       0x18 c:/program files (x86)/atmel/studio/7.0/toolchain/arm/arm-gnu-toolchain/bin/../lib/gcc/arm-none-eabi/5.3.1/../../../../arm-none-eabi/lib/armv6-m\libc.a(lib_a-__call_atexit.o)
 .text.atexit   0x00000324       0x10 c:/program files (x86)/atmel/studio/7.0/toolchain/arm/arm-gnu-toolchain/bin/../lib/gcc/arm-none-eabi/5.3.1/../../../../arm-none-eabi/lib/armv6-m\libc.a(lib_a-atexit.o)
                0x00000324                atexit
 .text.__libc_fini_array
                0x00000334       0x34 c:/program files (x86)/atmel/studio/7.0/toolchain/arm/arm-gnu-toolchain/bin/../lib/gcc/arm-none-eabi/5.3.1/../../../../arm-none-eabi/lib/armv6-m\libc.a(lib_a-fini.o)
                0x00000334                __libc_fini_array
 .text.__register_exitproc
                0x00000368       0xd4 c:/program files (x86)/atmel/studio/7.0/toolchain/arm/arm-gnu-toolchain/bin/../lib/gcc/arm-none-eabi/5.3.1/../../../../arm-none-eabi/lib/armv6-m\libc.a(lib_a-__atexit.o)
                0x00000368                __register_exitproc
 *(.glue_7t)
 .glue_7t       0x0000043c        0x0 linker stubs
 *(.glue_7)
 .glue_7        0x0000043c        0x0 linker stubs
 *(.rodata .rodata* .gnu.linkonce.r.*)
 .rodata.str1.4
                0x0000043c        0x4 c:/program files (x86)/atmel/studio/7.0/toolchain/arm/arm-gnu-toolchain/bin/../lib/gcc/arm-none-eabi/5.3.1/../../../../arm-none-eabi/lib/armv6-m\libc.a(lib_a-impure.o)
                                  0x2 (size before relaxing)
 .rodata._global_impure_ptr
                0x00000440        0x4 c:/program files (x86)/atmel/studio/7.0/toolchain/arm/arm-gnu-toolchain/bin/../lib/gcc/arm-none-eabi/5.3.1/../../../../arm-none-eabi/lib/armv6-m\libc.a(lib_a-impure.o)
                0x00000440                _global_impure_ptr
 *(.ARM.extab* .gnu.linkonce.armextab.*)
                0x00000444                . = ALIGN (0x4)
 *(.init)
 .init          0x00000444        0x4 c:/program files (x86)/atmel/studio/7.0/toolchain/arm/arm-gnu-toolchain/bin/../lib/gcc/arm-none-eabi/5.3.1/armv6-m/crti.o
                0x00000444                _init
 .init          0x00000448        0x8 c:/program files (x86)/atmel/studio/7.0/toolchain/arm/arm-gnu-toolchain/bin/../lib/gcc/arm-none-eabi/5.3.1/armv6-m/crtn.o
                0x00000450                . = ALIGN (0x4)
                0x00000450                __preinit_array_start = .
 *(.preinit_array)
                0x00000450                __preinit_array_end = .
                0x00000450                . = ALIGN (0x4)
                0x00000450                __init_array_start = .
 *(SORT(.init_array.*))
 .init_array.00000
                0x00000450        0x4 c:/program files (x86)/atmel/studio/7.0/toolchain/arm/arm-gnu-toolchain/bin/../lib/gcc/arm-none-eabi/5.3.1/../../../../arm-none-eabi/lib/armv6-m\libc.a(lib_a-__call_atexit.o)
 *(.init_array)
 .init_array    0x00000454        0x4 c:/program files (x86)/atmel/studio/7.0/toolchain/arm/arm-gnu-toolchain/bin/../lib/gcc/arm-none-eabi/5.3.1/armv6-m/crtbegin.o
                0x00000458                __init_array_end = .
                0x00000458                . = ALIGN (0x4)
 *crtbegin.o(.ctors)
 *(EXCLUDE_FILE(*crtend.o) .ctors)
 *(SORT(.ctors.*))
 *crtend.o(.ctors)
                0x00000458                . = ALIGN (0x4)
 *(.fini)
 .fini          0x00000458        0x4 c:/program files (x86)/atmel/studio/7.0/toolchain/arm/arm-gnu-toolchain/bin/../lib/gcc/arm-none-eabi/5.3.1/armv6-m/crti.o
                0x00000458                _fini
 .fini          0x0000045c        0x8 c:/program files (x86)/atmel/studio/7.0/toolchain/arm/arm-gnu-toolchain/bin/../lib/gcc/arm-none-eabi/5.3.1/armv6-m/crtn.o
                0x00000464                . = ALIGN (0x4)
                0x00000464                __fini_array_start = .
 *(.fini_array)
 .fini_array    0x00000464        0x4 c:/program files (x86)/atmel/studio/7.0/toolchain/arm/arm-gnu-toolchain/bin/../lib/gcc/arm-none-eabi/5.3.1/armv6-m/crtbegin.o
 *(SORT(.fini_array.*))
                0x00000468                __fini_array_end = .
 *crtbegin.o(.dtors)
 *(EXCLUDE_FILE(*crtend.o) .dtors)
 *(SORT(.dtors.*))
 *crtend.o(.dtors)
                0x00000468                . = ALIGN (0x4)
                0x00000468                _efixed = .
                [!provide]                PROVIDE (__exidx_start, .)

.vfp11_veneer   0x00000468        0x0
 .vfp11_veneer  0x00000468        0x0 linker stubs

.v4_bx          0x00000468        0x0
 .v4_bx         0x00000468        0x0 linker stubs

.iplt           0x00000468        0x0
 .iplt          0x00000468        0x0 c:/program files (x86)/atmel/studio/7.0/toolchain/arm/arm-gnu-toolchain/bin/../lib/gcc/arm-none-eabi/5.3.1/armv6-m/crtbegin.o

.eh_frame       0x00000468        0x0
 .eh_frame      0x00000468        0x0 c:/program files (x86)/atmel/studio/7.0/toolchain/arm/arm-gnu-toolchain/bin/../lib/gcc/arm-none-eabi/5.3.1/armv6-m/crtbegin.o

.rel.dyn        0x00000468        0x0
 .rel.iplt      0x00000468        0x0 c:/program files (x86)/atmel/studio/7.0/toolchain/arm/arm-gnu-toolchain/bin/../lib/gcc/arm-none-eabi/5.3.1/armv6-m/crtbegin.o

.jcr            0x00000468        0x0
 .jcr           0x00000468        0x0 c:/program files (x86)/atmel/studio/7.0/toolchain/arm/arm-gnu-toolchain/bin/../lib/gcc/arm-none-eabi/5.3.1/armv6-m/crtbegin.o

.igot.plt       0x00000468        0x0
 .igot.plt      0x00000468        0x0 c:/program files (x86)/atmel/studio/7.0/toolchain/arm/arm-gnu-toolchain/bin/../lib/gcc/arm-none-eabi/5.3.1/armv6-m/crtbegin.o

.ARM.exidx
 *(.ARM.exidx* .gnu.linkonce.armexidx.*)
                [!provide]                PROVIDE (__exidx_end, .)
                0x00000468                . = ALIGN (0x4)
                0x00000468                _etext = .

.relocate       0x20000000      0x430 load address 0x00000468
                0x20000000                . = ALIGN (0x4)
                0x20000000                _srelocate = .
 *(.ramfunc .ramfunc.*)
 *(.data .data.*)
 .data          0x20000000        0x4 Device_Startup/system_samc21.o
                0x20000000                SystemCoreClock
 *fill*         0x20000004        0x4 
 .data.impure_data
                0x20000008      0x428 c:/program files (x86)/atmel/studio/7.0/toolchain/arm/arm-gnu-toolchain/bin/../lib/gcc/arm-none-eabi/5.3.1/../../../../arm-none-eabi/lib/armv6-m\libc.a(lib_a-impure.o)
                0x20000430                . = ALIGN (0x4)
                0x20000430                _erelocate = .

.bss            0x20000430       0x28 load address 0x00000898
                0x20000430                . = ALIGN (0x4)
                0x20000430                _sbss = .
                0x20000430                _szero = .
 *(.bss .bss.*)
 .bss           0x20000430       0x1c c:/program files (x86)/atmel/studio/7.0/toolchain/arm/arm-gnu-toolchain/bin/../lib/gcc/arm-none-eabi/5.3.1/armv6-m/crtbegin.o
 .bss           0x2000044c        0xc timing.o
 *(COMMON)
                0x20000458                . = ALIGN (0x4)
                0x20000458                _ebss = .
                0x20000458                _ezero = .

.stack          0x20000458     0x2000 load address 0x000008c0
                0x20000458                . = ALIGN (0x8)
                0x20000458                _sstack = .
                0x20002458                . = (. + STACK_SIZE)
 *fill*         0x20000458     0x2000 
                0x20002458                . = ALIGN (0x8)
                0x20002458                _estack = .
                0x20002458                . = ALIGN (0x4)
                0x20002458                _end = .
OUTPUT(mod1023.elf elf32-littlearm)

.ARM.attributes
                0x00000000       0x28
 .ARM.attributes
                0x00000000       0x1e c:/program files (x86)/atmel/studio/7.0/toolchain/arm/arm-gnu-toolchain/bin/../lib/gcc/arm-none-eabi/5.3.1/armv6-m/crti.o
 .ARM.attributes
                0x0000001e       0x2c c:/program files (x86)/atmel/studio/7.0/toolchain/arm/arm-gnu-toolchain/bin/../lib/gcc/arm-none-eabi/5.3.1/armv6-m/crtbegin.o
 .ARM.attributes
                0x0000004a       0x32 Device_Startup/startup_samc21.o
 .ARM.attributes
                0x0000007c       0x32 Device_Startup/system_samc21.o
 .ARM.attributes
                0x000000ae       0x32 main.o
 .ARM.attributes
                0x000000e0       0x32 timing.o
 .ARM.attributes
                0x00000112       0x32 utilities.o
 .ARM.attributes
                0x00000144       0x2c c:/program files (x86)/atmel/studio/7.0/toolchain/arm/arm-gnu-toolchain/bin/../lib/gcc/arm-none-eabi/5.3.1/../../../../arm-none-eabi/lib/armv6-m\libc.a(lib_a-impure.o)
 .ARM.attributes
                0x00000170       0x2c c:/program files (x86)/atmel/studio/7.0/toolchain/arm/arm-gnu-toolchain/bin/../lib/gcc/arm-none-eabi/5.3.1/../../../../arm-none-eabi/lib/armv6-m\libc.a(lib_a-init.o)
 .ARM.attributes
                0x0000019c       0x2c c:/program files (x86)/atmel/studio/7.0/toolchain/arm/arm-gnu-toolchain/bin/../lib/gcc/arm-none-eabi/5.3.1/../../../../arm-none-eabi/lib/armv6-m\libc.a(lib_a-memcpy-stub.o)
 .ARM.attributes
                0x000001c8       0x2c c:/program files (x86)/atmel/studio/7.0/toolchain/arm/arm-gnu-toolchain/bin/../lib/gcc/arm-none-eabi/5.3.1/../../../../arm-none-eabi/lib/armv6-m\libc.a(lib_a-__call_atexit.o)
 .ARM.attributes
                0x000001f4       0x2c c:/program files (x86)/atmel/studio/7.0/toolchain/arm/arm-gnu-toolchain/bin/../lib/gcc/arm-none-eabi/5.3.1/../../../../arm-none-eabi/lib/armv6-m\libc.a(lib_a-atexit.o)
 .ARM.attributes
                0x00000220       0x2c c:/program files (x86)/atmel/studio/7.0/toolchain/arm/arm-gnu-toolchain/bin/../lib/gcc/arm-none-eabi/5.3.1/../../../../arm-none-eabi/lib/armv6-m\libc.a(lib_a-fini.o)
 .ARM.attributes
                0x0000024c       0x2c c:/program files (x86)/atmel/studio/7.0/toolchain/arm/arm-gnu-toolchain/bin/../lib/gcc/arm-none-eabi/5.3.1/../../../../arm-none-eabi/lib/armv6-m\libc.a(lib_a-__atexit.o)
 .ARM.attributes
                0x00000278       0x1e c:/program files (x86)/atmel/studio/7.0/toolchain/arm/arm-gnu-toolchain/bin/../lib/gcc/arm-none-eabi/5.3.1/armv6-m/crtn.o

.comment        0x00000000       0x59
 .comment       0x00000000       0x59 Device_Startup/startup_samc21.o
                                 0x5a (size before relaxing)
 .comment       0x00000059       0x5a Device_Startup/system_samc21.o
 .comment       0x00000059       0x5a main.o
 .comment       0x00000059       0x5a timing.o
 .comment       0x00000059       0x5a utilities.o

.debug_info     0x00000000     0x2f81
 .debug_info    0x00000000      0x4d8 Device_Startup/startup_samc21.o
 .debug_info    0x000004d8       0xcd Device_Startup/system_samc21.o
 .debug_info    0x000005a5      0x719 main.o
 .debug_info    0x00000cbe     0x1c05 timing.o
 .debug_info    0x000028c3      0x6be utilities.o

.debug_abbrev   0x00000000      0x68d
 .debug_abbrev  0x00000000      0x132 Device_Startup/startup_samc21.o
 .debug_abbrev  0x00000132       0x65 Device_Startup/system_samc21.o
 .debug_abbrev  0x00000197      0x175 main.o
 .debug_abbrev  0x0000030c      0x232 timing.o
 .debug_abbrev  0x0000053e      0x14f utilities.o

.debug_loc      0x00000000      0x132
 .debug_loc     0x00000000       0x20 Device_Startup/startup_samc21.o
 .debug_loc     0x00000020       0x2d main.o
 .debug_loc     0x0000004d       0xa5 timing.o
 .debug_loc     0x000000f2       0x40 utilities.o

.debug_aranges  0x00000000       0xe0
 .debug_aranges
                0x00000000       0x28 Device_Startup/startup_samc21.o
 .debug_aranges
                0x00000028       0x28 Device_Startup/system_samc21.o
 .debug_aranges
                0x00000050       0x20 main.o
 .debug_aranges
                0x00000070       0x48 timing.o
 .debug_aranges
                0x000000b8       0x28 utilities.o

.debug_ranges   0x00000000       0x90
 .debug_ranges  0x00000000       0x18 Device_Startup/startup_samc21.o
 .debug_ranges  0x00000018       0x18 Device_Startup/system_samc21.o
 .debug_ranges  0x00000030       0x10 main.o
 .debug_ranges  0x00000040       0x38 timing.o
 .debug_ranges  0x00000078       0x18 utilities.o

.debug_macro    0x00000000    0x1638a
 .debug_macro   0x00000000      0x3ad Device_Startup/startup_samc21.o
 .debug_macro   0x000003ad      0x826 Device_Startup/startup_samc21.o
 .debug_macro   0x00000bd3       0x22 Device_Startup/startup_samc21.o
 .debug_macro   0x00000bf5       0x87 Device_Startup/startup_samc21.o
 .debug_macro   0x00000c7c       0x44 Device_Startup/startup_samc21.o
 .debug_macro   0x00000cc0       0xfd Device_Startup/startup_samc21.o
 .debug_macro   0x00000dbd       0x22 Device_Startup/startup_samc21.o
 .debug_macro   0x00000ddf      0x1df Device_Startup/startup_samc21.o
 .debug_macro   0x00000fbe       0x40 Device_Startup/startup_samc21.o
 .debug_macro   0x00000ffe       0x3a Device_Startup/startup_samc21.o
 .debug_macro   0x00001038       0x1f Device_Startup/startup_samc21.o
 .debug_macro   0x00001057      0x376 Device_Startup/startup_samc21.o
 .debug_macro   0x000013cd      0x896 Device_Startup/startup_samc21.o
 .debug_macro   0x00001c63      0x8bf Device_Startup/startup_samc21.o
 .debug_macro   0x00002522     0x2d61 Device_Startup/startup_samc21.o
 .debug_macro   0x00005283      0x21d Device_Startup/startup_samc21.o
 .debug_macro   0x000054a0      0x281 Device_Startup/startup_samc21.o
 .debug_macro   0x00005721      0x130 Device_Startup/startup_samc21.o
 .debug_macro   0x00005851      0xd32 Device_Startup/startup_samc21.o
 .debug_macro   0x00006583      0x5ee Device_Startup/startup_samc21.o
 .debug_macro   0x00006b71      0x5be Device_Startup/startup_samc21.o
 .debug_macro   0x0000712f      0x823 Device_Startup/startup_samc21.o
 .debug_macro   0x00007952      0x172 Device_Startup/startup_samc21.o
 .debug_macro   0x00007ac4      0x2f7 Device_Startup/startup_samc21.o
 .debug_macro   0x00007dbb      0x55f Device_Startup/startup_samc21.o
 .debug_macro   0x0000831a      0x42e Device_Startup/startup_samc21.o
 .debug_macro   0x00008748      0x21c Device_Startup/startup_samc21.o
 .debug_macro   0x00008964      0x72d Device_Startup/startup_samc21.o
 .debug_macro   0x00009091      0x557 Device_Startup/startup_samc21.o
 .debug_macro   0x000095e8      0x334 Device_Startup/startup_samc21.o
 .debug_macro   0x0000991c      0x6a9 Device_Startup/startup_samc21.o
 .debug_macro   0x00009fc5       0xc4 Device_Startup/startup_samc21.o
 .debug_macro   0x0000a089      0x33f Device_Startup/startup_samc21.o
 .debug_macro   0x0000a3c8       0x6a Device_Startup/startup_samc21.o
 .debug_macro   0x0000a432     0x124a Device_Startup/startup_samc21.o
 .debug_macro   0x0000b67c      0x5a4 Device_Startup/startup_samc21.o
 .debug_macro   0x0000bc20      0xfc3 Device_Startup/startup_samc21.o
 .debug_macro   0x0000cbe3      0x59d Device_Startup/startup_samc21.o
 .debug_macro   0x0000d180      0x3c2 Device_Startup/startup_samc21.o
 .debug_macro   0x0000d542      0x8ad Device_Startup/startup_samc21.o
 .debug_macro   0x0000ddef     0x19bd Device_Startup/startup_samc21.o
 .debug_macro   0x0000f7ac      0x39c Device_Startup/startup_samc21.o
 .debug_macro   0x0000fb48      0x369 Device_Startup/startup_samc21.o
 .debug_macro   0x0000feb1       0x94 Device_Startup/startup_samc21.o
 .debug_macro   0x0000ff45       0xac Device_Startup/startup_samc21.o
 .debug_macro   0x0000fff1       0xac Device_Startup/startup_samc21.o
 .debug_macro   0x0001009d      0x148 Device_Startup/startup_samc21.o
 .debug_macro   0x000101e5      0x148 Device_Startup/startup_samc21.o
 .debug_macro   0x0001032d       0x4c Device_Startup/startup_samc21.o
 .debug_macro   0x00010379       0x58 Device_Startup/startup_samc21.o
 .debug_macro   0x000103d1       0x3a Device_Startup/startup_samc21.o
 .debug_macro   0x0001040b       0xd6 Device_Startup/startup_samc21.o
 .debug_macro   0x000104e1       0xb8 Device_Startup/startup_samc21.o
 .debug_macro   0x00010599       0x64 Device_Startup/startup_samc21.o
 .debug_macro   0x000105fd      0x5e4 Device_Startup/startup_samc21.o
 .debug_macro   0x00010be1       0x4c Device_Startup/startup_samc21.o
 .debug_macro   0x00010c2d      0x1bd Device_Startup/startup_samc21.o
 .debug_macro   0x00010dea      0x183 Device_Startup/startup_samc21.o
 .debug_macro   0x00010f6d       0x52 Device_Startup/startup_samc21.o
 .debug_macro   0x00010fbf       0xa0 Device_Startup/startup_samc21.o
 .debug_macro   0x0001105f       0xd6 Device_Startup/startup_samc21.o
 .debug_macro   0x00011135       0x8e Device_Startup/startup_samc21.o
 .debug_macro   0x000111c3       0x4c Device_Startup/startup_samc21.o
 .debug_macro   0x0001120f       0x64 Device_Startup/startup_samc21.o
 .debug_macro   0x00011273       0x22 Device_Startup/startup_samc21.o
 .debug_macro   0x00011295      0x16c Device_Startup/startup_samc21.o
 .debug_macro   0x00011401       0x16 Device_Startup/startup_samc21.o
 .debug_macro   0x00011417       0xd6 Device_Startup/startup_samc21.o
 .debug_macro   0x000114ed       0xa0 Device_Startup/startup_samc21.o
 .debug_macro   0x0001158d      0x132 Device_Startup/startup_samc21.o
 .debug_macro   0x000116bf      0x132 Device_Startup/startup_samc21.o
 .debug_macro   0x000117f1      0x132 Device_Startup/startup_samc21.o
 .debug_macro   0x00011923      0x132 Device_Startup/startup_samc21.o
 .debug_macro   0x00011a55      0x132 Device_Startup/startup_samc21.o
 .debug_macro   0x00011b87      0x132 Device_Startup/startup_samc21.o
 .debug_macro   0x00011cb9       0x4c Device_Startup/startup_samc21.o
 .debug_macro   0x00011d05      0x167 Device_Startup/startup_samc21.o
 .debug_macro   0x00011e6c       0xfa Device_Startup/startup_samc21.o
 .debug_macro   0x00011f66       0xfa Device_Startup/startup_samc21.o
 .debug_macro   0x00012060       0xfa Device_Startup/startup_samc21.o
 .debug_macro   0x0001215a       0xfa Device_Startup/startup_samc21.o
 .debug_macro   0x00012254       0xfa Device_Startup/startup_samc21.o
 .debug_macro   0x0001234e      0x124 Device_Startup/startup_samc21.o
 .debug_macro   0x00012472       0xfa Device_Startup/startup_samc21.o
 .debug_macro   0x0001256c       0xee Device_Startup/startup_samc21.o
 .debug_macro   0x0001265a       0x76 Device_Startup/startup_samc21.o
 .debug_macro   0x000126d0       0x3a Device_Startup/startup_samc21.o
 .debug_macro   0x0001270a      0x4aa Device_Startup/startup_samc21.o
 .debug_macro   0x00012bb4     0x27e3 Device_Startup/startup_samc21.o
 .debug_macro   0x00015397       0x82 Device_Startup/startup_samc21.o
 .debug_macro   0x00015419      0x3b3 Device_Startup/system_samc21.o
 .debug_macro   0x000157cc      0x3c5 main.o
 .debug_macro   0x00015b91       0x76 main.o
 .debug_macro   0x00015c07       0x10 main.o
 .debug_macro   0x00015c17      0x3bd timing.o
 .debug_macro   0x00015fd4      0x3b6 utilities.o

.debug_line     0x00000000     0x263d
 .debug_line    0x00000000      0x7a5 Device_Startup/startup_samc21.o
 .debug_line    0x000007a5      0x793 Device_Startup/system_samc21.o
 .debug_line    0x00000f38      0x785 main.o
 .debug_line    0x000016bd      0x7ec timing.o
 .debug_line    0x00001ea9      0x794 utilities.o

.debug_str      0x00000000    0x83bbb
 .debug_str     0x00000000    0x82e2e Device_Startup/startup_samc21.o
                              0x8382e (size before relaxing)
 .debug_str     0x00082e2e       0x6c Device_Startup/system_samc21.o
                              0x834d1 (size before relaxing)
 .debug_str     0x00082e9a      0x51e main.o
                              0x839a0 (size before relaxing)
 .debug_str     0x000833b8      0x7d5 timing.o
                              0x83cfb (size before relaxing)
 .debug_str     0x00083b8d       0x2e utilities.o
                              0x8394f (size before relaxing)

.debug_frame    0x00000000      0x284
 .debug_frame   0x00000000       0x38 Device_Startup/startup_samc21.o
 .debug_frame   0x00000038       0x30 Device_Startup/system_samc21.o
 .debug_frame   0x00000068       0x2c main.o
 .debug_frame   0x00000094       0x7c timing.o
 .debug_frame   0x00000110       0x38 utilities.o
 .debug_frame   0x00000148       0x2c c:/program files (x86)/atmel/studio/7.0/toolchain/arm/arm-gnu-toolchain/bin/../lib/gcc/arm-none-eabi/5.3.1/../../../../arm-none-eabi/lib/armv6-m\libc.a(lib_a-init.o)
 .debug_frame   0x00000174       0x2c c:/program files (x86)/atmel/studio/7.0/toolchain/arm/arm-gnu-toolchain/bin/../lib/gcc/arm-none-eabi/5.3.1/../../../../arm-none-eabi/lib/armv6-m\libc.a(lib_a-memcpy-stub.o)
 .debug_frame   0x000001a0       0x54 c:/program files (x86)/atmel/studio/7.0/toolchain/arm/arm-gnu-toolchain/bin/../lib/gcc/arm-none-eabi/5.3.1/../../../../arm-none-eabi/lib/armv6-m\libc.a(lib_a-__call_atexit.o)
 .debug_frame   0x000001f4       0x28 c:/program files (x86)/atmel/studio/7.0/toolchain/arm/arm-gnu-toolchain/bin/../lib/gcc/arm-none-eabi/5.3.1/../../../../arm-none-eabi/lib/armv6-m\libc.a(lib_a-atexit.o)
 .debug_frame   0x0000021c       0x2c c:/program files (x86)/atmel/studio/7.0/toolchain/arm/arm-gnu-toolchain/bin/../lib/gcc/arm-none-eabi/5.3.1/../../../../arm-none-eabi/lib/armv6-m\libc.a(lib_a-fini.o)
 .debug_frame   0x00000248       0x3c c:/program files (x86)/atmel/studio/7.0/toolchain/arm/arm-gnu-toolchain/bin/../lib/gcc/arm-none-eabi/5.3.1/../../../../arm-none-eabi/lib/armv6-m\libc.a(lib_a-__atexit.o)
